D:\Documentos\Digitales 2\TP1\SD2_TP1\CMSIS/core_cm0plus.h:733:22:__NVIC_EnableIRQ	16	static
D:\Documentos\Digitales 2\TP1\SD2_TP1\drivers/fsl_common.h:405:28:EnableIRQ	16	static
D:\Documentos\Digitales 2\TP1\SD2_TP1\drivers/fsl_adc16.h:504:24:ADC16_GetChannelConversionValue	16	static
../source/sensor_luz.c:11:6:sensorLuz_init	24	static
../source/sensor_luz.c:47:6:sensorLuz_dispararLectura	16	static
../source/sensor_luz.c:55:6:ADC0_IRQHandler	16	static
../source/sensor_luz.c:69:7:sensorLuz_obtenerValor	8	static
