Archive member included to satisfy reference by file (symbol)

c:/nxp/mcuxpressoide_11.6.1_8255/ide/plugins/com.nxp.mcuxpresso.tools.win32_11.6.1.202207200623/tools/bin/../lib/gcc/arm-none-eabi/10.3.1/../../../../arm-none-eabi/lib/thumb/v6-m/nofp\libcr_nohost_nf.a(_cr__main.o)
                              ./startup/startup_mkl46z4.o (__main)
c:/nxp/mcuxpressoide_11.6.1_8255/ide/plugins/com.nxp.mcuxpresso.tools.win32_11.6.1.202207200623/tools/bin/../lib/gcc/arm-none-eabi/10.3.1/../../../../arm-none-eabi/lib/thumb/v6-m/nofp\libcr_nohost_nf.a(_cr_assert.o)
                              ./utilities/fsl_debug_console.o (__assertion_failed)
c:/nxp/mcuxpressoide_11.6.1_8255/ide/plugins/com.nxp.mcuxpresso.tools.win32_11.6.1.202207200623/tools/bin/../lib/gcc/arm-none-eabi/10.3.1/../../../../arm-none-eabi/lib/thumb/v6-m/nofp\libcr_nohost_nf.a(__ciob.o)
                              c:/nxp/mcuxpressoide_11.6.1_8255/ide/plugins/com.nxp.mcuxpresso.tools.win32_11.6.1.202207200623/tools/bin/../lib/gcc/arm-none-eabi/10.3.1/../../../../arm-none-eabi/lib/thumb/v6-m/nofp\libcr_nohost_nf.a(_cr_assert.o) (__Ciob)
c:/nxp/mcuxpressoide_11.6.1_8255/ide/plugins/com.nxp.mcuxpresso.tools.win32_11.6.1.202207200623/tools/bin/../lib/gcc/arm-none-eabi/10.3.1/../../../../arm-none-eabi/lib/thumb/v6-m/nofp\libcr_nohost_nf.a(__sys_appexit.o)
                              c:/nxp/mcuxpressoide_11.6.1_8255/ide/plugins/com.nxp.mcuxpresso.tools.win32_11.6.1.202207200623/tools/bin/../lib/gcc/arm-none-eabi/10.3.1/../../../../arm-none-eabi/lib/thumb/v6-m/nofp\libcr_nohost_nf.a(_cr_assert.o) (__sys_appexit)
c:/nxp/mcuxpressoide_11.6.1_8255/ide/plugins/com.nxp.mcuxpresso.tools.win32_11.6.1.202207200623/tools/bin/../lib/gcc/arm-none-eabi/10.3.1/../../../../arm-none-eabi/lib/thumb/v6-m/nofp\libcr_c.a(memcpy.o)
                              ./drivers/fsl_ftfx_cache.o (memcpy)
c:/nxp/mcuxpressoide_11.6.1_8255/ide/plugins/com.nxp.mcuxpresso.tools.win32_11.6.1.202207200623/tools/bin/../lib/gcc/arm-none-eabi/10.3.1/../../../../arm-none-eabi/lib/thumb/v6-m/nofp\libcr_c.a(memset.o)
                              ./utilities/fsl_debug_console.o (memset)
c:/nxp/mcuxpressoide_11.6.1_8255/ide/plugins/com.nxp.mcuxpresso.tools.win32_11.6.1.202207200623/tools/bin/../lib/gcc/arm-none-eabi/10.3.1/../../../../arm-none-eabi/lib/thumb/v6-m/nofp\libcr_c.a(_deferredlazyseek.o)
                              c:/nxp/mcuxpressoide_11.6.1_8255/ide/plugins/com.nxp.mcuxpresso.tools.win32_11.6.1.202207200623/tools/bin/../lib/gcc/arm-none-eabi/10.3.1/../../../../arm-none-eabi/lib/thumb/v6-m/nofp\libcr_nohost_nf.a(_cr_assert.o) (__flsbuf)
c:/nxp/mcuxpressoide_11.6.1_8255/ide/plugins/com.nxp.mcuxpresso.tools.win32_11.6.1.202207200623/tools/bin/../lib/gcc/arm-none-eabi/10.3.1/../../../../arm-none-eabi/lib/thumb/v6-m/nofp\libcr_c.a(_fflush.o)
                              c:/nxp/mcuxpressoide_11.6.1_8255/ide/plugins/com.nxp.mcuxpresso.tools.win32_11.6.1.202207200623/tools/bin/../lib/gcc/arm-none-eabi/10.3.1/../../../../arm-none-eabi/lib/thumb/v6-m/nofp\libcr_c.a(_deferredlazyseek.o) (_fflush)
c:/nxp/mcuxpressoide_11.6.1_8255/ide/plugins/com.nxp.mcuxpresso.tools.win32_11.6.1.202207200623/tools/bin/../lib/gcc/arm-none-eabi/10.3.1/../../../../arm-none-eabi/lib/thumb/v6-m/nofp\libcr_c.a(_writebuf.o)
                              c:/nxp/mcuxpressoide_11.6.1_8255/ide/plugins/com.nxp.mcuxpresso.tools.win32_11.6.1.202207200623/tools/bin/../lib/gcc/arm-none-eabi/10.3.1/../../../../arm-none-eabi/lib/thumb/v6-m/nofp\libcr_c.a(_deferredlazyseek.o) (_Cwritebuf)
c:/nxp/mcuxpressoide_11.6.1_8255/ide/plugins/com.nxp.mcuxpresso.tools.win32_11.6.1.202207200623/tools/bin/../lib/gcc/arm-none-eabi/10.3.1/../../../../arm-none-eabi/lib/thumb/v6-m/nofp\libcr_c.a(alloc.o)
                              ./drivers/fsl_common.o (malloc)
c:/nxp/mcuxpressoide_11.6.1_8255/ide/plugins/com.nxp.mcuxpresso.tools.win32_11.6.1.202207200623/tools/bin/../lib/gcc/arm-none-eabi/10.3.1/../../../../arm-none-eabi/lib/thumb/v6-m/nofp\libcr_c.a(fputs.o)
                              c:/nxp/mcuxpressoide_11.6.1_8255/ide/plugins/com.nxp.mcuxpresso.tools.win32_11.6.1.202207200623/tools/bin/../lib/gcc/arm-none-eabi/10.3.1/../../../../arm-none-eabi/lib/thumb/v6-m/nofp\libcr_nohost_nf.a(_cr_assert.o) (fputs)
c:/nxp/mcuxpressoide_11.6.1_8255/ide/plugins/com.nxp.mcuxpresso.tools.win32_11.6.1.202207200623/tools/bin/../lib/gcc/arm-none-eabi/10.3.1/../../../../arm-none-eabi/lib/thumb/v6-m/nofp\libcr_c.a(fseek.o)
                              c:/nxp/mcuxpressoide_11.6.1_8255/ide/plugins/com.nxp.mcuxpresso.tools.win32_11.6.1.202207200623/tools/bin/../lib/gcc/arm-none-eabi/10.3.1/../../../../arm-none-eabi/lib/thumb/v6-m/nofp\libcr_c.a(_deferredlazyseek.o) (fseek)
c:/nxp/mcuxpressoide_11.6.1_8255/ide/plugins/com.nxp.mcuxpresso.tools.win32_11.6.1.202207200623/tools/bin/../lib/gcc/arm-none-eabi/10.3.1/../../../../arm-none-eabi/lib/thumb/v6-m/nofp\libcr_c.a(ftell.o)
[...]
Memory Configuration

Name             Origin             Length             Attributes
PROGRAM_FLASH    0x00000000         0x00040000         xr
SRAM             0x1fffe000         0x00008000         xrw
*default*        0x00000000         0xffffffff

Linker script and memory map

LOAD ./utilities/fsl_debug_console.o
LOAD ./utilities/fsl_io.o
LOAD ./utilities/fsl_log.o
LOAD ./utilities/fsl_str.o
LOAD ./startup/startup_mkl46z4.o
LOAD ./source/ADC.o
LOAD ./source/MEF_Luminaria.o
LOAD ./source/MEF_acumulado.o
LOAD ./source/MEF_habitual.o
LOAD ./source/MEF_peatones.o
LOAD ./source/MEF_semaforos.o
LOAD ./source/SD2_board.o
LOAD ./source/cars.o
LOAD ./source/key.o
LOAD ./source/main.o
LOAD ./source/mtb.o
LOAD ./source/semihost_hardfault.o
LOAD ./drivers/fsl_adc16.o
LOAD ./drivers/fsl_clock.o
LOAD ./drivers/fsl_common.o
LOAD ./drivers/fsl_ftfx_cache.o
LOAD ./drivers/fsl_ftfx_controller.o
LOAD ./drivers/fsl_ftfx_flash.o
LOAD ./drivers/fsl_ftfx_flexnvm.o
LOAD ./drivers/fsl_gpio.o
LOAD ./drivers/fsl_i2c.o
LOAD ./drivers/fsl_lpsci.o
LOAD ./drivers/fsl_smc.o
LOAD ./drivers/fsl_uart.o
LOAD ./board/board.o
LOAD ./board/clock_config.o
LOAD ./board/peripherals.o
LOAD ./board/pin_mux.o
LOAD ./CMSIS/system_MKL46Z4.o
START GROUP
LOAD c:/nxp/mcuxpressoide_11.6.1_8255/ide/plugins/com.nxp.mcuxpresso.tools.win32_11.6.1.202207200623/tools/bin/../lib/gcc/arm-none-eabi/10.3.1/../../../../arm-none-eabi/lib/thumb/v6-m/nofp\libcr_nohost_nf.a
LOAD c:/nxp/mcuxpressoide_11.6.1_8255/ide/plugins/com.nxp.mcuxpresso.tools.win32_11.6.1.202207200623/tools/bin/../lib/gcc/arm-none-eabi/10.3.1/../../../../arm-none-eabi/lib/thumb/v6-m/nofp\libcr_c.a
LOAD c:/nxp/mcuxpressoide_11.6.1_8255/ide/plugins/com.nxp.mcuxpresso.tools.win32_11.6.1.202207200623/tools/bin/../lib/gcc/arm-none-eabi/10.3.1/thumb/v6-m/nofp\libcr_eabihelpers.a
LOAD c:/nxp/mcuxpressoide_11.6.1_8255/ide/plugins/com.nxp.mcuxpresso.tools.win32_11.6.1.202207200623/tools/bin/../lib/gcc/arm-none-eabi/10.3.1/thumb/v6-m/nofp\libgcc.a
END GROUP
                0x00000000                __base_PROGRAM_FLASH = 0x0
                0x00000000                __base_Flash = 0x0
                0x00040000                __top_PROGRAM_FLASH = 0x40000
                0x00040000                __top_Flash = 0x40000
                0x1fffe000                __base_SRAM = 0x1fffe000
                0x1fffe000                __base_RAM = 0x1fffe000
                0x20006000                __top_SRAM = 0x20006000
                0x20006000                __top_RAM = 0x20006000

.text           0x00000000     0x3434
 FILL mask 0xff
                0x00000000                __vectors_start__ = ABSOLUTE (.)
 *(SORT_BY_ALIGNMENT(.isr_vector))
 .isr_vector    0x00000000       0xc0 ./startup/startup_mkl46z4.o
                0x00000000                g_pfnVectors
                0x00000000                __Vectors
                0x000000c0                . = ALIGN (0x4)
                0x000000c0                __section_table_start = .
                0x000000c0                __data_section_table = .
                0x000000c0        0x4 LONG 0x3434 LOADADDR (.data)
                0x000000c4        0x4 LONG 0x1fffe080 ADDR (.data)
                0x000000c8        0x4 LONG 0x10 SIZEOF (.data)
                0x000000cc                __data_section_table_end = .
                0x000000cc                __bss_section_table = .
                0x000000cc        0x4 LONG 0x1fffe090 ADDR (.bss)
                0x000000d0        0x4 LONG 0x128 SIZEOF (.bss)
                0x000000d4                __bss_section_table_end = .
                0x000000d4                __section_table_end = .
 *(SORT_BY_ALIGNMENT(.after_vectors*))
 .after_vectors.reset
                0x000000d4       0x4c ./startup/startup_mkl46z4.o
                0x000000d4                ResetISR
 .after_vectors.init_data
                0x00000120       0x12 ./startup/startup_mkl46z4.o
                0x00000120                data_init
 .after_vectors.init_bss
                0x00000132       0x10 ./startup/startup_mkl46z4.o
                0x00000132                bss_init
 .after_vectors
                0x00000142      0x10c ./startup/startup_mkl46z4.o
                0x00000142                NMI_Handler
                0x00000146                SVC_Handler
                0x00000148                PendSV_Handler
                0x0000014c                LPTMR0_DriverIRQHandler
                0x0000014c                PORTC_PORTD_DriverIRQHandler
                0x0000014c                SPI1_DriverIRQHandler
                0x0000014c                DMA0_DriverIRQHandler
                0x0000014c                DMA2_DriverIRQHandler
                0x0000014c                CMP0_DriverIRQHandler
                0x0000014c                ADC0_DriverIRQHandler
                0x0000014c                I2S0_DriverIRQHandler
                0x0000014c                SPI0_DriverIRQHandler
                0x0000014c                TPM0_DriverIRQHandler
                0x0000014c                TPM2_DriverIRQHandler
                0x0000014c                DMA1_DriverIRQHandler
                0x0000014c                PIT_DriverIRQHandler
                0x0000014c                LCD_DriverIRQHandler
                0x0000014c                TSI0_DriverIRQHandler
                0x0000014c                RTC_Seconds_DriverIRQHandler
                0x0000014c                RTC_DriverIRQHandler
                0x0000014c                TPM1_DriverIRQHandler
                0x0000014c                LLWU_DriverIRQHandler
                0x0000014c                MCG_DriverIRQHandler
                0x0000014c                PORTA_DriverIRQHandler
                0x0000014c                DMA3_DriverIRQHandler
                0x0000014c                FTFA_DriverIRQHandler
                0x0000014c                IntDefaultHandler
                0x0000014c                USB0_DriverIRQHandler
                0x0000014c                DAC0_DriverIRQHandler
                0x0000014c                LVD_LVW_DriverIRQHandler
                0x0000014c                Reserved20_DriverIRQHandler
                0x0000014e                DMA0_IRQHandler
                0x00000156                DMA1_IRQHandler
                0x0000015e                DMA2_IRQHandler
                0x00000166                DMA3_IRQHandler
                0x0000016e                Reserved20_IRQHandler
                0x00000176                FTFA_IRQHandler
                0x0000017e                LVD_LVW_IRQHandler
                0x00000186                LLWU_IRQHandler
                0x0000018e                I2C0_IRQHandler
                0x00000196                I2C1_IRQHandler
                0x0000019e                SPI0_IRQHandler
                0x000001a6                SPI1_IRQHandler
                0x000001ae                UART0_IRQHandler
                0x000001b6                UART1_IRQHandler
                0x000001be                UART2_IRQHandler
                0x000001c6                ADC0_IRQHandler
                0x000001ce                CMP0_IRQHandler
                0x000001d6                TPM0_IRQHandler
                0x000001de                TPM1_IRQHandler
                0x000001e6                TPM2_IRQHandler
                0x000001ee                RTC_IRQHandler
                0x000001f6                RTC_Seconds_IRQHandler
                0x000001fe                PIT_IRQHandler
                0x00000206                I2S0_IRQHandler
                0x0000020e                USB0_IRQHandler
                0x00000216                DAC0_IRQHandler
                0x0000021e                TSI0_IRQHandler
                0x00000226                MCG_IRQHandler
                0x0000022e                LPTMR0_IRQHandler
                0x00000236                LCD_IRQHandler
                0x0000023e                PORTA_IRQHandler
                0x00000246                PORTC_PORTD_IRQHandler
                0x00000400                . = 0x400
 *fill*         0x0000024e      0x1b2 ff
                0x00000400                PROVIDE (__FLASH_CONFIG_START__ = .)
 *(SORT_BY_ALIGNMENT(.FlashConfig))
 .FlashConfig   0x00000400       0x10 ./startup/startup_mkl46z4.o
                0x00000400                Flash_Config
                0x00000410                PROVIDE (__FLASH_CONFIG_END__ = .)
                0x00000001                ASSERT (! ((__FLASH_CONFIG_START__ == __FLASH_CONFIG_END__)), Linker Flash Config Support Enabled, but no .FlashConfig section provided within application)
 *(SORT_BY_ALIGNMENT(.text*))
 .text.DbgConsole_Init
                0x00000410       0x40 ./utilities/fsl_debug_console.o
                0x00000410                DbgConsole_Init
 .text.IO_Init  0x00000450       0xc8 ./utilities/fsl_io.o
                0x00000450                IO_Init
 .text.ADC16_GetChannelConversionValue
                0x00000518       0x30 ./source/ADC.o
 .text.ADC_Init
                0x00000548       0x3c ./source/ADC.o
                0x00000548                ADC_Init
 .text.ADC_Leer_Luz
                0x00000584       0x50 ./source/ADC.o
                0x00000584                ADC_Leer_Luz
 .text.MEF_Luminaria_init
                0x000005d4       0x18 ./source/MEF_Luminaria.o
                0x000005d4                MEF_Luminaria_init
 .text.actualizar_promedio_luz
                0x000005ec       0xa0 ./source/MEF_Luminaria.o
 .text.MEF_Luminaria
                0x0000068c       0xd0 ./source/MEF_Luminaria.o
                0x0000068c                MEF_Luminaria
 .text.MEF_acumulado_reset
                0x0000075c       0x2c ./source/MEF_acumulado.o
                0x0000075c                MEF_acumulado_reset
 .text.MEF_acumulado
                0x00000788      0x12c ./source/MEF_acumulado.o
                0x00000788                MEF_acumulado
 .text.MEF_acumulado_task1ms
                0x000008b4       0x4c ./source/MEF_acumulado.o
                0x000008b4                MEF_acumulado_task1ms
 .text.MEF_habitual_reset
                0x00000900       0x2c ./source/MEF_habitual.o
                0x00000900                MEF_habitual_reset
 .text.MEF_habitual
                0x0000092c      0x190 ./source/MEF_habitual.o
                0x0000092c                MEF_habitual
 .text.MEF_habitual_task1ms
                0x00000abc       0x4c ./source/MEF_habitual.o
                0x00000abc                MEF_habitual_task1ms
 .text.habilitado_peatones_get
                0x00000b08       0x2c ./source/MEF_habitual.o
                0x00000b08                habilitado_peatones_get
 .text.habilitado_peatones_set
                0x00000b34       0x30 ./source/MEF_habitual.o
                0x00000b34                habilitado_peatones_set
 .text.MEF_peatones_reset
                0x00000b64       0x2c ./source/MEF_peatones.o
                0x00000b64                MEF_peatones_reset
 .text.MEF_peatones
                0x00000b90      0x118 ./source/MEF_peatones.o
                0x00000b90                MEF_peatones
 .text.MEF_peatones_task1ms
                0x00000ca8       0x4c ./source/MEF_peatones.o
                0x00000ca8                MEF_peatones_task1ms
 .text.MEF_semaforos_init
                0x00000cf4       0x18 ./source/MEF_semaforos.o
                0x00000cf4                MEF_semaforos_init
 .text.MEF_semaforos
                0x00000d0c       0xa4 ./source/MEF_semaforos.o
                0x00000d0c                MEF_semaforos
 .text.MEF_semaforos_task1ms
                0x00000db0       0x34 ./source/MEF_semaforos.o
                0x00000db0                MEF_semaforos_task1ms
 .text.CLOCK_EnableClock
                0x00000de4       0x34 ./source/SD2_board.o
 .text.PORT_SetPinConfig
                0x00000e18       0x38 ./source/SD2_board.o
 .text.board_init
                0x00000e50      0x178 ./source/SD2_board.o
                0x00000e50                board_init
 .text.board_setLed
                0x00000fc8       0xd8 ./source/SD2_board.o
                0x00000fc8                board_setLed
 .text.board_getSw
                0x000010a0       0x50 ./source/SD2_board.o
                0x000010a0                board_getSw
 .text.count_of_cars_increase
                0x000010f0       0x18 ./source/cars.o
                0x000010f0                count_of_cars_increase
 .text.count_of_cars_decrease
                0x00001108       0x18 ./source/cars.o
                0x00001108                count_of_cars_decrease
 .text.count_of_cars_reset
                0x00001120       0x14 ./source/cars.o
                0x00001120                count_of_cars_reset
 .text.count_of_cars_get
                0x00001134       0x14 ./source/cars.o
                0x00001134                count_of_cars_get
 .text.key_init
                0x00001148       0x40 ./source/key.o
                0x00001148                key_init
 .text.key_getPressEv
                0x00001188       0x44 ./source/key.o
                0x00001188                key_getPressEv
 .text.key_periodicTask1ms
                0x000011cc       0x98 ./source/key.o
                0x000011cc                key_periodicTask1ms
 .text.__NVIC_SetPriority
                0x00001264       0xdc ./source/main.o
 .text.SysTick_Config
                0x00001340       0x48 ./source/main.o
 .text.main     0x00001388       0x44 ./source/main.o
                0x00001388                main
 .text.HardFault_Handler
                0x000013cc       0x30 ./source/semihost_hardfault.o
                0x000013cc                HardFault_Handler
 .text.CLOCK_EnableClock
                0x000013fc       0x34 ./drivers/fsl_adc16.o
 .text.ADC16_GetInstance
                0x00001430       0x48 ./drivers/fsl_adc16.o
 .text.ADC16_Init
                0x00001478      0x114 ./drivers/fsl_adc16.o
                0x00001478                ADC16_Init
 .text.ADC16_GetDefaultConfig
                0x0000158c       0x58 ./drivers/fsl_adc16.o
                0x0000158c                ADC16_GetDefaultConfig
 .text.ADC16_SetChannelConfig
                0x000015e4       0x6c ./drivers/fsl_adc16.o
                0x000015e4                ADC16_SetChannelConfig
 .text.ADC16_GetChannelStatusFlags
                0x00001650       0x40 ./drivers/fsl_adc16.o
                0x00001650                ADC16_GetChannelStatusFlags
 .text.CLOCK_GetMcgExtClkFreq
                0x00001690       0x28 ./drivers/fsl_clock.o
 .text.CLOCK_GetFllExtRefClkFreq
                0x000016b8       0xa8 ./drivers/fsl_clock.o
 .text.CLOCK_GetFllRefClkFreq
                0x00001760       0x2c ./drivers/fsl_clock.o
 .text.CLOCK_GetPllFllSelClkFreq
                0x0000178c       0x4c ./drivers/fsl_clock.o
                0x0000178c                CLOCK_GetPllFllSelClkFreq
 .text.CLOCK_GetFllFreq
                0x000017d8       0x84 ./drivers/fsl_clock.o
                0x000017d8                CLOCK_GetFllFreq
 .text.CLOCK_GetPll0Freq
                0x0000185c       0x70 ./drivers/fsl_clock.o
                0x0000185c                CLOCK_GetPll0Freq
 .text.GPIO_PinInit
                0x000018cc       0x64 ./drivers/fsl_gpio.o
                0x000018cc                GPIO_PinInit
 .text.I2C_TransferCommonIRQHandler
                0x00001930       0x58 ./drivers/fsl_i2c.o
 .text.I2C0_DriverIRQHandler
                0x00001988       0x20 ./drivers/fsl_i2c.o
                0x00001988                I2C0_DriverIRQHandler
 .text.I2C1_DriverIRQHandler
                0x000019a8       0x20 ./drivers/fsl_i2c.o
                0x000019a8                I2C1_DriverIRQHandler
 .text.CLOCK_EnableClock
                0x000019c8       0x34 ./drivers/fsl_lpsci.o
 .text.LPSCI_GetInstance
                0x000019fc       0x48 ./drivers/fsl_lpsci.o
                0x000019fc                LPSCI_GetInstance
 .text.LPSCI_Init
                0x00001a44      0x270 ./drivers/fsl_lpsci.o
                0x00001a44                LPSCI_Init
 .text.LPSCI_GetDefaultConfig
                0x00001cb4       0x48 ./drivers/fsl_lpsci.o
                0x00001cb4                LPSCI_GetDefaultConfig
 .text.UART0_DriverIRQHandler
                0x00001cfc       0x24 ./drivers/fsl_lpsci.o
                0x00001cfc                UART0_DriverIRQHandler
 .text.CLOCK_EnableClock
                0x00001d20       0x34 ./drivers/fsl_uart.o
 .text.UART_GetInstance
                0x00001d54       0x54 ./drivers/fsl_uart.o
                0x00001d54                UART_GetInstance
 .text.UART_Init
                0x00001da8      0x1f8 ./drivers/fsl_uart.o
                0x00001da8                UART_Init
 .text.UART_GetDefaultConfig
                0x00001fa0       0x48 ./drivers/fsl_uart.o
                0x00001fa0                UART_GetDefaultConfig
 .text.UART1_DriverIRQHandler
                0x00001fe8       0x24 ./drivers/fsl_uart.o
                0x00001fe8                UART1_DriverIRQHandler
 .text.UART2_DriverIRQHandler
                0x0000200c       0x24 ./drivers/fsl_uart.o
                0x0000200c                UART2_DriverIRQHandler
 .text.CLOCK_SetLpsci0Clock
                0x00002030       0x38 ./board/board.o
 .text.BOARD_InitDebugConsole
                0x00002068       0x30 ./board/board.o
                0x00002068                BOARD_InitDebugConsole
 .text.SystemInit
                0x00002098       0x1c ./CMSIS/system_MKL46Z4.o
                0x00002098                SystemInit
 .text.__assertion_failed
                0x000020b4       0x4c c:/nxp/mcuxpressoide_11.6.1_8255/ide/plugins/com.nxp.mcuxpresso.tools.win32_11.6.1.202207200623/tools/bin/../lib/gcc/arm-none-eabi/10.3.1/../../../../arm-none-eabi/lib/thumb/v6-m/nofp\libcr_nohost_nf.a(_cr_assert.o)
                0x000020b4                __assertion_failed
 .text._deferredlazyseek
                0x00002100       0x40 c:/nxp/mcuxpressoide_11.6.1_8255/ide/plugins/com.nxp.mcuxpresso.tools.win32_11.6.1.202207200623/tools/bin/../lib/gcc/arm-none-eabi/10.3.1/../../../../arm-none-eabi/lib/thumb/v6-m/nofp\libcr_c.a(_deferredlazyseek.o)
                0x00002100                _deferredlazyseek
 .text.__flsbuf
                0x00002140      0x150 c:/nxp/mcuxpressoide_11.6.1_8255/ide/plugins/com.nxp.mcuxpresso.tools.win32_11.6.1.202207200623/tools/bin/../lib/gcc/arm-none-eabi/10.3.1/../../../../arm-none-eabi/lib/thumb/v6-m/nofp\libcr_c.a(_deferredlazyseek.o)
                0x00002140                __flsbuf
 .text._fflush  0x00002290       0x60 c:/nxp/mcuxpressoide_11.6.1_8255/ide/plugins/com.nxp.mcuxpresso.tools.win32_11.6.1.202207200623/tools/bin/../lib/gcc/arm-none-eabi/10.3.1/../../../../arm-none-eabi/lib/thumb/v6-m/nofp\libcr_c.a(_fflush.o)
                0x00002290                _fflush
 .text._Cwritebuf
                0x000022f0       0x68 c:/nxp/mcuxpressoide_11.6.1_8255/ide/plugins/com.nxp.mcuxpresso.tools.win32_11.6.1.202207200623/tools/bin/../lib/gcc/arm-none-eabi/10.3.1/../../../../arm-none-eabi/lib/thumb/v6-m/nofp\libcr_c.a(_writebuf.o)
                0x000022f0                _Cwritebuf
 .text.malloc   0x00002358       0xcc c:/nxp/mcuxpressoide_11.6.1_8255/ide/plugins/com.nxp.mcuxpresso.tools.win32_11.6.1.202207200623/tools/bin/../lib/gcc/arm-none-eabi/10.3.1/../../../../arm-none-eabi/lib/thumb/v6-m/nofp\libcr_c.a(alloc.o)
                0x00002358                malloc
 .text._Csys_alloc
                0x00002424       0x20 c:/nxp/mcuxpressoide_11.6.1_8255/ide/plugins/com.nxp.mcuxpresso.tools.win32_11.6.1.202207200623/tools/bin/../lib/gcc/arm-none-eabi/10.3.1/../../../../arm-none-eabi/lib/thumb/v6-m/nofp\libcr_c.a(alloc.o)
                0x00002424                _Csys_alloc
 .text.fseek    0x00002444       0xf0 c:/nxp/mcuxpressoide_11.6.1_8255/ide/plugins/com.nxp.mcuxpresso.tools.win32_11.6.1.202207200623/tools/bin/../lib/gcc/arm-none-eabi/10.3.1/../../../../arm-none-eabi/lib/thumb/v6-m/nofp\libcr_c.a(fseek.o)
                0x00002444                fseek
 .text.ftell    0x00002534       0x48 c:/nxp/mcuxpressoide_11.6.1_8255/ide/plugins/com.nxp.mcuxpresso.tools.win32_11.6.1.202207200623/tools/bin/../lib/gcc/arm-none-eabi/10.3.1/../../../../arm-none-eabi/lib/thumb/v6-m/nofp\libcr_c.a(ftell.o)
                0x00002534                ftell
 .text._initio  0x0000257c       0x7c c:/nxp/mcuxpressoide_11.6.1_8255/ide/plugins/com.nxp.mcuxpresso.tools.win32_11.6.1.202207200623/tools/bin/../lib/gcc/arm-none-eabi/10.3.1/../../../../arm-none-eabi/lib/thumb/v6-m/nofp\libcr_c.a(initio.o)
                0x0000257c                _initio
 .text.setvbuf  0x000025f8       0x4c c:/nxp/mcuxpressoide_11.6.1_8255/ide/plugins/com.nxp.mcuxpresso.tools.win32_11.6.1.202207200623/tools/bin/../lib/gcc/arm-none-eabi/10.3.1/../../../../arm-none-eabi/lib/thumb/v6-m/nofp\libcr_c.a(setvbuf.o)
                0x000025f8                setvbuf
 .text.strlen   0x00002644       0x58 c:/nxp/mcuxpressoide_11.6.1_8255/ide/plugins/com.nxp.mcuxpresso.tools.win32_11.6.1.202207200623/tools/bin/../lib/gcc/arm-none-eabi/10.3.1/../../../../arm-none-eabi/lib/thumb/v6-m/nofp\libcr_c.a(strlen.o)
                0x00002644                strlen
 .text._sbrk    0x0000269c       0x44 c:/nxp/mcuxpressoide_11.6.1_8255/ide/plugins/com.nxp.mcuxpresso.tools.win32_11.6.1.202207200623/tools/bin/../lib/gcc/arm-none-eabi/10.3.1/../../../../arm-none-eabi/lib/thumb/v6-m/nofp\libcr_c.a(_cr_sbrk.o)
                0x0000269c                _sbrk
 .text._fdopen  0x000026e0       0x74 c:/nxp/mcuxpressoide_11.6.1_8255/ide/plugins/com.nxp.mcuxpresso.tools.win32_11.6.1.202207200623/tools/bin/../lib/gcc/arm-none-eabi/10.3.1/../../../../arm-none-eabi/lib/thumb/v6-m/nofp\libcr_c.a(_fdopen.o)
                0x000026e0                _fdopen
 .text.fclose   0x00002754       0x5c c:/nxp/mcuxpressoide_11.6.1_8255/ide/plugins/com.nxp.mcuxpresso.tools.win32_11.6.1.202207200623/tools/bin/../lib/gcc/arm-none-eabi/10.3.1/../../../../arm-none-eabi/lib/thumb/v6-m/nofp\libcr_c.a(fclose.o)
                0x00002754                fclose
 .text.fflush   0x000027b0       0x44 c:/nxp/mcuxpressoide_11.6.1_8255/ide/plugins/com.nxp.mcuxpresso.tools.win32_11.6.1.202207200623/tools/bin/../lib/gcc/arm-none-eabi/10.3.1/../../../../arm-none-eabi/lib/thumb/v6-m/nofp\libcr_c.a(fflush.o)
                0x000027b0                fflush
 .text.__check_heap_overflow
                0x000027f4       0x18 c:/nxp/mcuxpressoide_11.6.1_8255/ide/plugins/com.nxp.mcuxpresso.tools.win32_11.6.1.202207200623/tools/bin/../lib/gcc/arm-none-eabi/10.3.1/../../../../arm-none-eabi/lib/thumb/v6-m/nofp\libcr_c.a(_cr_check_heap.o)
                0x000027f4                __check_heap_overflow
 .text._do_fflush
                0x0000280c       0x48 c:/nxp/mcuxpressoide_11.6.1_8255/ide/plugins/com.nxp.mcuxpresso.tools.win32_11.6.1.202207200623/tools/bin/../lib/gcc/arm-none-eabi/10.3.1/../../../../arm-none-eabi/lib/thumb/v6-m/nofp\libcr_c.a(_do_fflush.o)
                0x0000280c                _do_fflush
 .text.__aeabi_fmul
                0x00002854       0xc0 c:/nxp/mcuxpressoide_11.6.1_8255/ide/plugins/com.nxp.mcuxpresso.tools.win32_11.6.1.202207200623/tools/bin/../lib/gcc/arm-none-eabi/10.3.1/thumb/v6-m/nofp\libcr_eabihelpers.a(float.o)
                0x00002854                __aeabi_fmul
 .text.__aeabi_fdiv
                0x00002914       0xe8 c:/nxp/mcuxpressoide_11.6.1_8255/ide/plugins/com.nxp.mcuxpresso.tools.win32_11.6.1.202207200623/tools/bin/../lib/gcc/arm-none-eabi/10.3.1/thumb/v6-m/nofp\libcr_eabihelpers.a(float.o)
                0x00002914                __aeabi_fdiv
 .text.UART_EnableTx
                0x000029fc       0x40 ./utilities/fsl_io.o
 .text.UART_EnableRx
                0x00002a3c       0x40 ./utilities/fsl_io.o
 .text.LPSCI_EnableTx
                0x00002a7c       0x40 ./utilities/fsl_io.o
 .text.LPSCI_EnableRx
                0x00002abc       0x40 ./utilities/fsl_io.o
 .text.LOG_Init
                0x00002afc       0x3a ./utilities/fsl_log.o
                0x00002afc                LOG_Init
 .text.GPIO_PortSet
                0x00002b36       0x18 ./source/SD2_board.o
 .text.GPIO_PortClear
                0x00002b4e       0x18 ./source/SD2_board.o
 .text.GPIO_PortToggle
                0x00002b66       0x18 ./source/SD2_board.o
 .text.GPIO_PinRead
                0x00002b7e       0x20 ./source/SD2_board.o
 .text.GPIO_ReadPinInput
                0x00002b9e       0x20 ./source/SD2_board.o
 .text.SysTick_Handler
                0x00002bbe       0x16 ./source/main.o
                0x00002bbe                SysTick_Handler
 .text.ADC16_DoAutoCalibration
                0x00002bd4      0x118 ./drivers/fsl_adc16.o
                0x00002bd4                ADC16_DoAutoCalibration
 .text.ADC16_GetStatusFlags
                0x00002cec       0x3a ./drivers/fsl_adc16.o
                0x00002cec                ADC16_GetStatusFlags
 .text.CLOCK_GetPll0RefFreq
                0x00002d26       0x10 ./drivers/fsl_clock.o
 .text.GPIO_PinWrite
                0x00002d36       0x34 ./drivers/fsl_gpio.o
 .text.GPIO_WritePinOutput
                0x00002d6a       0x24 ./drivers/fsl_gpio.o
 .text.SystemInitHook
                0x00002d8e        0xa ./CMSIS/system_MKL46Z4.o
                0x00002d8e                SystemInitHook
 .text.__main   0x00002d98        0xc c:/nxp/mcuxpressoide_11.6.1_8255/ide/plugins/com.nxp.mcuxpresso.tools.win32_11.6.1.202207200623/tools/bin/../lib/gcc/arm-none-eabi/10.3.1/../../../../arm-none-eabi/lib/thumb/v6-m/nofp\libcr_nohost_nf.a(_cr__main.o)
                0x00002d98                __main
 .text.__sys_appexit
                0x00002da4        0x2 c:/nxp/mcuxpressoide_11.6.1_8255/ide/plugins/com.nxp.mcuxpresso.tools.win32_11.6.1.202207200623/tools/bin/../lib/gcc/arm-none-eabi/10.3.1/../../../../arm-none-eabi/lib/thumb/v6-m/nofp\libcr_nohost_nf.a(__sys_appexit.o)
                0x00002da4                __sys_appexit
                0x00002da4                __exit
 .text.memset   0x00002da6        0x8 c:/nxp/mcuxpressoide_11.6.1_8255/ide/plugins/com.nxp.mcuxpresso.tools.win32_11.6.1.202207200623/tools/bin/../lib/gcc/arm-none-eabi/10.3.1/../../../../arm-none-eabi/lib/thumb/v6-m/nofp\libcr_c.a(memset.o)
                0x00002da6                memset
 .text.free     0x00002dae       0x2c c:/nxp/mcuxpressoide_11.6.1_8255/ide/plugins/com.nxp.mcuxpresso.tools.win32_11.6.1.202207200623/tools/bin/../lib/gcc/arm-none-eabi/10.3.1/../../../../arm-none-eabi/lib/thumb/v6-m/nofp\libcr_c.a(alloc.o)
                0x00002dae                free
 .text.fputs    0x00002dda       0x2e c:/nxp/mcuxpressoide_11.6.1_8255/ide/plugins/com.nxp.mcuxpresso.tools.win32_11.6.1.202207200623/tools/bin/../lib/gcc/arm-none-eabi/10.3.1/../../../../arm-none-eabi/lib/thumb/v6-m/nofp\libcr_c.a(fputs.o)
                0x00002dda                fputs
 .text.remove   0x00002e08       0x12 c:/nxp/mcuxpressoide_11.6.1_8255/ide/plugins/com.nxp.mcuxpresso.tools.win32_11.6.1.202207200623/tools/bin/../lib/gcc/arm-none-eabi/10.3.1/../../../../arm-none-eabi/lib/thumb/v6-m/nofp\libcr_c.a(remove.o)
                0x00002e08                remove
 .text.__aeabi_division_idivmod
                0x00002e1a       0x78 c:/nxp/mcuxpressoide_11.6.1_8255/ide/plugins/com.nxp.mcuxpresso.tools.win32_11.6.1.202207200623/tools/bin/../lib/gcc/arm-none-eabi/10.3.1/thumb/v6-m/nofp\libcr_eabihelpers.a(division_32.o)
                0x00002e1a                __aeabi_idivmod
                0x00002e1a                __aeabi_idiv
                0x00002e20                __aeabi_uidivmod
                0x00002e20                __aeabi_uidiv
 .text.__aeabi_division_idiv0
                0x00002e92        0x2 c:/nxp/mcuxpressoide_11.6.1_8255/ide/plugins/com.nxp.mcuxpresso.tools.win32_11.6.1.202207200623/tools/bin/../lib/gcc/arm-none-eabi/10.3.1/thumb/v6-m/nofp\libcr_eabihelpers.a(division_idiv0.o)
                0x00002e92                __aeabi_idiv0
 .text.__bhs_ui2f
                0x00002e94       0x60 c:/nxp/mcuxpressoide_11.6.1_8255/ide/plugins/com.nxp.mcuxpresso.tools.win32_11.6.1.202207200623/tools/bin/../lib/gcc/arm-none-eabi/10.3.1/thumb/v6-m/nofp\libcr_eabihelpers.a(float.o)
                0x00002e94                __bhs_ui2f
 .text.__aeabi_ui2f
                0x00002ef4        0xc c:/nxp/mcuxpressoide_11.6.1_8255/ide/plugins/com.nxp.mcuxpresso.tools.win32_11.6.1.202207200623/tools/bin/../lib/gcc/arm-none-eabi/10.3.1/thumb/v6-m/nofp\libcr_eabihelpers.a(float.o)
                0x00002ef4                __aeabi_ui2f
 .text.__aeabi_fcmplt
                0x00002f00       0x42 c:/nxp/mcuxpressoide_11.6.1_8255/ide/plugins/com.nxp.mcuxpresso.tools.win32_11.6.1.202207200623/tools/bin/../lib/gcc/arm-none-eabi/10.3.1/thumb/v6-m/nofp\libcr_eabihelpers.a(float.o)
                0x00002f00                __aeabi_fcmplt
 .text.__aeabi_fcmpge
                0x00002f42       0x42 c:/nxp/mcuxpressoide_11.6.1_8255/ide/plugins/com.nxp.mcuxpresso.tools.win32_11.6.1.202207200623/tools/bin/../lib/gcc/arm-none-eabi/10.3.1/thumb/v6-m/nofp\libcr_eabihelpers.a(float.o)
                0x00002f42                __aeabi_fcmpge
 .text.__aeabi_llong_lmul
                0x00002f84       0x2e c:/nxp/mcuxpressoide_11.6.1_8255/ide/plugins/com.nxp.mcuxpresso.tools.win32_11.6.1.202207200623/tools/bin/../lib/gcc/arm-none-eabi/10.3.1/thumb/v6-m/nofp\libcr_eabihelpers.a(llong.o)
                0x00002f84                __aeabi_lmul
 .text.__aeabi_memset_lowlevel
                0x00002fb2       0x2a c:/nxp/mcuxpressoide_11.6.1_8255/ide/plugins/com.nxp.mcuxpresso.tools.win32_11.6.1.202207200623/tools/bin/../lib/gcc/arm-none-eabi/10.3.1/thumb/v6-m/nofp\libcr_eabihelpers.a(memcpy.o)
                0x00002fb2                __aeabi_lowlevel_memset
 .text.__sys_close
                0x00002fdc        0x6 c:/nxp/mcuxpressoide_11.6.1_8255/ide/plugins/com.nxp.mcuxpresso.tools.win32_11.6.1.202207200623/tools/bin/../lib/gcc/arm-none-eabi/10.3.1/../../../../arm-none-eabi/lib/thumb/v6-m/nofp\libcr_nohost_nf.a(__sys_close.o)
                0x00002fdc                __sys_close
 .text.__sys_flen
                0x00002fe2        0x6 c:/nxp/mcuxpressoide_11.6.1_8255/ide/plugins/com.nxp.mcuxpresso.tools.win32_11.6.1.202207200623/tools/bin/../lib/gcc/arm-none-eabi/10.3.1/../../../../arm-none-eabi/lib/thumb/v6-m/nofp\libcr_nohost_nf.a(__sys_flen.o)
                0x00002fe2                __sys_flen
 .text.__sys_istty
                0x00002fe8        0x6 c:/nxp/mcuxpressoide_11.6.1_8255/ide/plugins/com.nxp.mcuxpresso.tools.win32_11.6.1.202207200623/tools/bin/../lib/gcc/arm-none-eabi/10.3.1/../../../../arm-none-eabi/lib/thumb/v6-m/nofp\libcr_nohost_nf.a(__sys_istty.o)
                0x00002fe8                __sys_istty
 .text.__sys_remove
                0x00002fee        0x6 c:/nxp/mcuxpressoide_11.6.1_8255/ide/plugins/com.nxp.mcuxpresso.tools.win32_11.6.1.202207200623/tools/bin/../lib/gcc/arm-none-eabi/10.3.1/../../../../arm-none-eabi/lib/thumb/v6-m/nofp\libcr_nohost_nf.a(__sys_remove.o)
                0x00002fee                __sys_remove
 .text.__sys_seek
                0x00002ff4        0x6 c:/nxp/mcuxpressoide_11.6.1_8255/ide/plugins/com.nxp.mcuxpresso.tools.win32_11.6.1.202207200623/tools/bin/../lib/gcc/arm-none-eabi/10.3.1/../../../../arm-none-eabi/lib/thumb/v6-m/nofp\libcr_nohost_nf.a(__sys_seek.o)
                0x00002ff4                __sys_seek
 .text.__sys_tmpnam
                0x00002ffa        0x6 c:/nxp/mcuxpressoide_11.6.1_8255/ide/plugins/com.nxp.mcuxpresso.tools.win32_11.6.1.202207200623/tools/bin/../lib/gcc/arm-none-eabi/10.3.1/../../../../arm-none-eabi/lib/thumb/v6-m/nofp\libcr_nohost_nf.a(__sys_tmpnam.o)
                0x00002ffa                __sys_tmpnam
 .text.__sys_write
                0x00003000        0x4 c:/nxp/mcuxpressoide_11.6.1_8255/ide/plugins/com.nxp.mcuxpresso.tools.win32_11.6.1.202207200623/tools/bin/../lib/gcc/arm-none-eabi/10.3.1/../../../../arm-none-eabi/lib/thumb/v6-m/nofp\libcr_nohost_nf.a(__sys_write.o)
                0x00003000                __sys_write
 *(SORT_BY_ALIGNMENT(.rodata) SORT_BY_ALIGNMENT(.rodata.*) SORT_BY_ALIGNMENT(.constdata) SORT_BY_ALIGNMENT(.constdata.*))
 .rodata.DbgConsole_Init.str1.4
                0x00003004       0x43 ./utilities/fsl_debug_console.o
 *fill*         0x00003047        0x1 ff
 .rodata.IO_Init.str1.4
                0x00003048       0x1a ./utilities/fsl_io.o
 *fill*         0x00003062        0x2 ff
 .rodata.ADC16_GetChannelConversionValue.str1.4
                0x00003064       0x5b ./source/ADC.o
 *fill*         0x000030bf        0x1 ff
 .rodata.PORT_SetPinConfig.str1.4
                0x000030c0       0x46 ./source/SD2_board.o
 *fill*         0x00003106        0x2 ff
 .rodata.board_gpioLeds
                0x00003108       0x3c ./source/SD2_board.o
 .rodata.board_gpioSw
                0x00003144       0x18 ./source/SD2_board.o
 .rodata        0x0000315c        0x2 ./source/SD2_board.o
 *fill*         0x0000315e        0x2 ff
 .rodata.ADC16_GetInstance.str1.4
                0x00003160       0x35 ./drivers/fsl_adc16.o
 *fill*         0x00003195        0x3 ff
 .rodata.ADC16_Init.str1.4
                0x00003198       0x20 ./drivers/fsl_adc16.o
 .rodata.ADC16_GetDefaultConfig.str1.4
                0x000031b8       0x21 ./drivers/fsl_adc16.o
 *fill*         0x000031d9        0x3 ff
 .rodata.ADC16_SetChannelConfig.str1.4
                0x000031dc       0x51 ./drivers/fsl_adc16.o
 *fill*         0x0000322d        0x3 ff
 .rodata.ADC16_GetChannelStatusFlags.str1.4
                0x00003230       0x2f ./drivers/fsl_adc16.o
 *fill*         0x0000325f        0x1 ff
 .rodata.CLOCK_GetMcgExtClkFreq.str1.4
                0x00003260       0x1e ./drivers/fsl_clock.o
 *fill*         0x0000327e        0x2 ff
 .rodata.CLOCK_GetPll0Freq.str1.4
                0x00003280       0x1d ./drivers/fsl_clock.o
 *fill*         0x0000329d        0x3 ff
 .rodata.fllFactorTable.1
                0x000032a0       0x10 ./drivers/fsl_clock.o
 .rodata.GPIO_PinInit.str1.4
                0x000032b0       0x18 ./drivers/fsl_gpio.o
 .rodata.LPSCI_GetInstance.str1.4
                0x000032c8       0x36 ./drivers/fsl_lpsci.o
 *fill*         0x000032fe        0x2 ff
 .rodata.LPSCI_Init.str1.4
                0x00003300       0x43 ./drivers/fsl_lpsci.o
 *fill*         0x00003343        0x1 ff
 .rodata.LPSCI_GetDefaultConfig.str1.4
                0x00003344       0x19 ./drivers/fsl_lpsci.o
 *fill*         0x0000335d        0x3 ff
 .rodata.s_uartBases
                0x00003360        0xc ./drivers/fsl_uart.o
 .rodata.s_uartClock
                0x0000336c        0xc ./drivers/fsl_uart.o
 .rodata.UART_GetInstance.str1.4
                0x00003378       0x2b ./drivers/fsl_uart.o
 *fill*         0x000033a3        0x1 ff
 .rodata.UART_Init.str1.4
                0x000033a4       0x3e ./drivers/fsl_uart.o
 *fill*         0x000033e2        0x2 ff
 .rodata.UART_GetDefaultConfig.str1.4
                0x000033e4       0x18 ./drivers/fsl_uart.o
 .rodata.__num_Ciob_streams
                0x000033fc        0x4 c:/nxp/mcuxpressoide_11.6.1_8255/ide/plugins/com.nxp.mcuxpresso.tools.win32_11.6.1.202207200623/tools/bin/../lib/gcc/arm-none-eabi/10.3.1/../../../../arm-none-eabi/lib/thumb/v6-m/nofp\libcr_nohost_nf.a(__ciob.o)
                0x000033fc                __num_Ciob_streams
 .rodata.__assertion_failed.str1.1
                0x00003400       0x15 c:/nxp/mcuxpressoide_11.6.1_8255/ide/plugins/com.nxp.mcuxpresso.tools.win32_11.6.1.202207200623/tools/bin/../lib/gcc/arm-none-eabi/10.3.1/../../../../arm-none-eabi/lib/thumb/v6-m/nofp\libcr_nohost_nf.a(_cr_assert.o)
 .rodata._Csys_alloc.str1.1
                0x00003415       0x18 c:/nxp/mcuxpressoide_11.6.1_8255/ide/plugins/com.nxp.mcuxpresso.tools.win32_11.6.1.202207200623/tools/bin/../lib/gcc/arm-none-eabi/10.3.1/../../../../arm-none-eabi/lib/thumb/v6-m/nofp\libcr_c.a(alloc.o)
 .rodata._initio.str1.1
                0x0000342d        0x4 c:/nxp/mcuxpressoide_11.6.1_8255/ide/plugins/com.nxp.mcuxpresso.tools.win32_11.6.1.202207200623/tools/bin/../lib/gcc/arm-none-eabi/10.3.1/../../../../arm-none-eabi/lib/thumb/v6-m/nofp\libcr_c.a(initio.o)
                0x00003434                . = ALIGN (0x4)
 *fill*         0x00003431        0x3 ff
                0x00003434                _etext = .

.glue_7         0x00003434        0x0
 .glue_7        0x00003434        0x0 linker stubs

.glue_7t        0x00003434        0x0
 .glue_7t       0x00003434        0x0 linker stubs

.vfp11_veneer   0x00003434        0x0
 .vfp11_veneer  0x00003434        0x0 linker stubs

.v4_bx          0x00003434        0x0
 .v4_bx         0x00003434        0x0 linker stubs

.iplt           0x00003434        0x0
 .iplt          0x00003434        0x0 ./utilities/fsl_debug_console.o

.rel.dyn        0x00003434        0x0
 .rel.iplt      0x00003434        0x0 ./utilities/fsl_debug_console.o

.m_usb_data
 *(SORT_BY_ALIGNMENT(m_usb_bdt))

.mtb_buffer_default
                0x1fffe000       0x80
 *(SORT_BY_ALIGNMENT(.mtb*))
 .mtb.$RAM1     0x1fffe000       0x80 ./source/mtb.o
                0x1fffe000                __mtb_buffer__

.uninit_RESERVED
                0x1fffe080        0x0
                0x1fffe080                _start_uninit_RESERVED = .
 *(SORT_BY_ALIGNMENT(.bss.$RESERVED*))
                0x1fffe080                . = ALIGN (0x4)
                0x1fffe080                _end_uninit_RESERVED = .

.data           0x1fffe080       0x10 load address 0x00003434
 FILL mask 0xff
                0x1fffe080                _data = .
                [!provide]                PROVIDE (__start_data_RAM = .)
                [!provide]                PROVIDE (__start_data_SRAM = .)
 *(SORT_BY_ALIGNMENT(vtable))
 *(SORT_BY_ALIGNMENT(.ramfunc*))
 *(SORT_BY_ALIGNMENT(CodeQuickAccess))
 *(SORT_BY_ALIGNMENT(DataQuickAccess))
 *(SORT_BY_ALIGNMENT(RamFunction))
 *(SORT_BY_ALIGNMENT(.data*))
 .data.timer_100ms
                0x1fffe080        0x4 ./source/MEF_Luminaria.o
 .data.porcentaje_promedio
                0x1fffe084        0x4 ./source/MEF_Luminaria.o
 .data.s_slowIrcFreq
                0x1fffe088        0x4 ./drivers/fsl_clock.o
 .data.SystemCoreClock
                0x1fffe08c        0x4 ./CMSIS/system_MKL46Z4.o
                0x1fffe08c                SystemCoreClock
                0x1fffe090                . = ALIGN (0x4)
                0x1fffe090                _edata = .
                [!provide]                PROVIDE (__end_data_RAM = .)
                [!provide]                PROVIDE (__end_data_SRAM = .)

.igot.plt       0x1fffe090        0x0 load address 0x00003444
 .igot.plt      0x1fffe090        0x0 ./utilities/fsl_debug_console.o

.bss            0x1fffe090      0x128
                0x1fffe090                _bss = .
                [!provide]                PROVIDE (__start_bss_RAM = .)
                [!provide]                PROVIDE (__start_bss_SRAM = .)
 *(SORT_BY_ALIGNMENT(.bss*))
 .bss.s_debugConsoleIO
                0x1fffe090        0x8 ./utilities/fsl_io.o
 .bss.count_1ms_Luminaria
                0x1fffe098        0x4 ./source/MEF_Luminaria.o
 .bss.Valor_ADC_acum
                0x1fffe09c        0x4 ./source/MEF_Luminaria.o
 .bss.count_1ms_acumulado
                0x1fffe0a0        0x4 ./source/MEF_acumulado.o
 .bss.count_1ms_acumulado_blink
                0x1fffe0a4        0x4 ./source/MEF_acumulado.o
 .bss.count_1ms_habitual
                0x1fffe0a8        0x4 ./source/MEF_habitual.o
 .bss.count_1ms_habitual_blink
                0x1fffe0ac        0x4 ./source/MEF_habitual.o
 .bss.count_1ms_peatones
                0x1fffe0b0        0x4 ./source/MEF_peatones.o
 .bss.count_1ms_peatones_blink
                0x1fffe0b4        0x4 ./source/MEF_peatones.o
 .bss.count_of_cars
                0x1fffe0b8        0x4 ./source/cars.o
                0x1fffe0b8                count_of_cars
 .bss.estSW     0x1fffe0bc        0x2 ./source/key.o
 *fill*         0x1fffe0be        0x2 
 .bss.eventSW   0x1fffe0c0        0x2 ./source/key.o
 *fill*         0x1fffe0c2        0x2 
 .bss.g_xtal0Freq
                0x1fffe0c4        0x4 ./drivers/fsl_clock.o
                0x1fffe0c4                g_xtal0Freq
 .bss.s_i2cHandle
                0x1fffe0c8        0x8 ./drivers/fsl_i2c.o
 .bss.s_i2cMasterIsr
                0x1fffe0d0        0x4 ./drivers/fsl_i2c.o
 .bss.s_i2cSlaveIsr
                0x1fffe0d4        0x4 ./drivers/fsl_i2c.o
 .bss.s_lpsciHandle
                0x1fffe0d8        0x4 ./drivers/fsl_lpsci.o
 .bss.s_lpsciIsr
                0x1fffe0dc        0x4 ./drivers/fsl_lpsci.o
 .bss.s_uartHandle
                0x1fffe0e0        0xc ./drivers/fsl_uart.o
 .bss.s_uartIsr
                0x1fffe0ec        0x4 ./drivers/fsl_uart.o
 .bss.__Ciob    0x1fffe0f0       0xb4 c:/nxp/mcuxpressoide_11.6.1_8255/ide/plugins/com.nxp.mcuxpresso.tools.win32_11.6.1.202207200623/tools/bin/../lib/gcc/arm-none-eabi/10.3.1/../../../../arm-none-eabi/lib/thumb/v6-m/nofp\libcr_nohost_nf.a(__ciob.o)
                0x1fffe0f0                __Ciob
 .bss.__end_of_heap
                0x1fffe1a4        0x4 c:/nxp/mcuxpressoide_11.6.1_8255/ide/plugins/com.nxp.mcuxpresso.tools.win32_11.6.1.202207200623/tools/bin/../lib/gcc/arm-none-eabi/10.3.1/../../../../arm-none-eabi/lib/thumb/v6-m/nofp\libcr_c.a(__init_alloc.o)
                0x1fffe1a4                __end_of_heap
 .bss.__heaps   0x1fffe1a8        0x4 c:/nxp/mcuxpressoide_11.6.1_8255/ide/plugins/com.nxp.mcuxpresso.tools.win32_11.6.1.202207200623/tools/bin/../lib/gcc/arm-none-eabi/10.3.1/../../../../arm-none-eabi/lib/thumb/v6-m/nofp\libcr_c.a(__init_alloc.o)
                0x1fffe1a8                __heaps
 .bss.errno     0x1fffe1ac        0x4 c:/nxp/mcuxpressoide_11.6.1_8255/ide/plugins/com.nxp.mcuxpresso.tools.win32_11.6.1.202207200623/tools/bin/../lib/gcc/arm-none-eabi/10.3.1/../../../../arm-none-eabi/lib/thumb/v6-m/nofp\libcr_c.a(errno.o)
                0x1fffe1ac                errno
 .bss.flanco_oscuro_detectado
                0x1fffe1b0        0x1 ./source/MEF_Luminaria.o
                0x1fffe1b0                flanco_oscuro_detectado
 .bss.estado_actual
                0x1fffe1b1        0x1 ./source/MEF_Luminaria.o
 .bss.Cantidad_muestras
                0x1fffe1b2        0x1 ./source/MEF_Luminaria.o
 .bss.EST_MEF_acumulado
                0x1fffe1b3        0x1 ./source/MEF_acumulado.o
 .bss.EST_MEF_habitual
                0x1fffe1b4        0x1 ./source/MEF_habitual.o
 .bss.habilitado_peatones
                0x1fffe1b5        0x1 ./source/MEF_habitual.o
 .bss.EST_MEF_peatones
                0x1fffe1b6        0x1 ./source/MEF_peatones.o
 .bss.EST_MEF_semaforos
                0x1fffe1b7        0x1 ./source/MEF_semaforos.o
 *(SORT_BY_ALIGNMENT(COMMON))
                0x1fffe1b8                . = ALIGN (0x4)
                0x1fffe1b8                _ebss = .
                [!provide]                PROVIDE (__end_bss_RAM = .)
                [!provide]                PROVIDE (__end_bss_SRAM = .)
                [!provide]                PROVIDE (end = .)

.noinit         0x1fffe1b8        0x0
                0x1fffe1b8                _noinit = .
                [!provide]                PROVIDE (__start_noinit_RAM = .)
                [!provide]                PROVIDE (__start_noinit_SRAM = .)
 *(SORT_BY_ALIGNMENT(.noinit*))
                0x1fffe1b8                . = ALIGN (0x4)
                0x1fffe1b8                _end_noinit = .
                [!provide]                PROVIDE (__end_noinit_RAM = .)
                [!provide]                PROVIDE (__end_noinit_SRAM = .)

.ARM.extab
 *(SORT_BY_ALIGNMENT(.ARM.extab*) SORT_BY_ALIGNMENT(.gnu.linkonce.armextab.*))

.ARM.exidx      0x00003444        0x0
                0x00003444                __exidx_start = .
 *(SORT_BY_ALIGNMENT(.ARM.exidx*) SORT_BY_ALIGNMENT(.gnu.linkonce.armexidx.*))
                0x00003444                __exidx_end = .
                0x00000800                _HeapSize = 0x800

.heap           0x1fffe1b8      0x800
                0x1fffe1b8                _pvHeapStart = .
                0x1fffe9b8                . = (. + _HeapSize)
 *fill*         0x1fffe1b8      0x800 
                0x1fffe9b8                . = ALIGN (0x4)
                0x1fffe9b8                _pvHeapLimit = .
                0x00000800                _StackSize = 0x800

.heap2stackfill
                0x1fffe9b8      0x800
                0x1ffff1b8                . = (. + _StackSize)
 *fill*         0x1fffe9b8      0x800 

.stack          0x20005800        0x0
                0x20005800                _vStackBase = .
                0x20005800                . = ALIGN (0x4)
                0x20006000                _vStackTop = (. + _StackSize)
                0x00000000                _image_start = LOADADDR (.text)
                0x00003444                _image_end = (LOADADDR (.data) + SIZEOF (.data))
                0x00003444                _image_size = (_image_end - _image_start)
OUTPUT(SD2_TP1_v2.0.axf elf32-littlearm)
LOAD linker stubs

.debug_info     0x00000000     0xae6d
 .debug_info    0x00000000      0x32f ./utilities/fsl_debug_console.o
 .debug_info    0x0000032f      0x8c6 ./utilities/fsl_io.o
 .debug_info    0x00000bf5      0x2f5 ./utilities/fsl_log.o
 .debug_info    0x00000eea      0x4eb ./startup/startup_mkl46z4.o
 .debug_info    0x000013d5      0x553 ./source/ADC.o
 .debug_info    0x00001928      0x3e9 ./source/MEF_Luminaria.o
 .debug_info    0x00001d11      0x1a9 ./source/MEF_acumulado.o
 .debug_info    0x00001eba      0x220 ./source/MEF_habitual.o
 .debug_info    0x000020da      0x188 ./source/MEF_peatones.o
 .debug_info    0x00002262      0x106 ./source/MEF_semaforos.o
 .debug_info    0x00002368      0x9cc ./source/SD2_board.o
 .debug_info    0x00002d34       0x8f ./source/cars.o
 .debug_info    0x00002dc3      0x197 ./source/key.o
 .debug_info    0x00002f5a      0x42c ./source/main.o
 .debug_info    0x00003386       0x53 ./source/mtb.o
 .debug_info    0x000033d9       0x3c ./source/semihost_hardfault.o
 .debug_info    0x00003415      0xc9c ./drivers/fsl_adc16.o
 .debug_info    0x000040b1     0x1a8b ./drivers/fsl_clock.o
 .debug_info    0x00005b3c      0x7dc ./drivers/fsl_gpio.o
 .debug_info    0x00006318     0x1aba ./drivers/fsl_i2c.o
 .debug_info    0x00007dd2     0x14ac ./drivers/fsl_lpsci.o
 .debug_info    0x0000927e     0x144d ./drivers/fsl_uart.o
 .debug_info    0x0000a6cb      0x394 ./board/board.o
 .debug_info    0x0000aa5f      0x40e ./CMSIS/system_MKL46Z4.o

.debug_abbrev   0x00000000     0x2500
 .debug_abbrev  0x00000000      0x158 ./utilities/fsl_debug_console.o
 .debug_abbrev  0x00000158      0x1d4 ./utilities/fsl_io.o
 .debug_abbrev  0x0000032c      0x15c ./utilities/fsl_log.o
 .debug_abbrev  0x00000488      0x198 ./startup/startup_mkl46z4.o
 .debug_abbrev  0x00000620      0x15d ./source/ADC.o
 .debug_abbrev  0x0000077d      0x13c ./source/MEF_Luminaria.o
 .debug_abbrev  0x000008b9       0xb2 ./source/MEF_acumulado.o
 .debug_abbrev  0x0000096b       0xe8 ./source/MEF_habitual.o
 .debug_abbrev  0x00000a53       0xb2 ./source/MEF_peatones.o
 .debug_abbrev  0x00000b05       0x83 ./source/MEF_semaforos.o
 .debug_abbrev  0x00000b88      0x299 ./source/SD2_board.o
 .debug_abbrev  0x00000e21       0x6b ./source/cars.o
 .debug_abbrev  0x00000e8c       0xf1 ./source/key.o
 .debug_abbrev  0x00000f7d      0x19c ./source/main.o
 .debug_abbrev  0x00001119       0x46 ./source/mtb.o
 .debug_abbrev  0x0000115f       0x31 ./source/semihost_hardfault.o
 .debug_abbrev  0x00001190      0x270 ./drivers/fsl_adc16.o
 .debug_abbrev  0x00001400      0x34b ./drivers/fsl_clock.o
 .debug_abbrev  0x0000174b      0x1f6 ./drivers/fsl_gpio.o
 .debug_abbrev  0x00001941      0x376 ./drivers/fsl_i2c.o
 .debug_abbrev  0x00001cb7      0x2f3 ./drivers/fsl_lpsci.o
 .debug_abbrev  0x00001faa      0x2f3 ./drivers/fsl_uart.o
 .debug_abbrev  0x0000229d      0x11b ./board/board.o
 .debug_abbrev  0x000023b8      0x148 ./CMSIS/system_MKL46Z4.o

.debug_aranges  0x00000000      0xbd8
 .debug_aranges
                0x00000000       0x58 ./utilities/fsl_debug_console.o
 .debug_aranges
                0x00000058       0x58 ./utilities/fsl_io.o
 .debug_aranges
                0x000000b0       0x58 ./utilities/fsl_log.o
 .debug_aranges
                0x00000108      0x160 ./startup/startup_mkl46z4.o
 .debug_aranges
                0x00000268       0x30 ./source/ADC.o
 .debug_aranges
                0x00000298       0x40 ./source/MEF_Luminaria.o
 .debug_aranges
                0x000002d8       0x30 ./source/MEF_acumulado.o
 .debug_aranges
                0x00000308       0x40 ./source/MEF_habitual.o
 .debug_aranges
                0x00000348       0x30 ./source/MEF_peatones.o
 .debug_aranges
                0x00000378       0x30 ./source/MEF_semaforos.o
 .debug_aranges
                0x000003a8       0x68 ./source/SD2_board.o
 .debug_aranges
                0x00000410       0x38 ./source/cars.o
 .debug_aranges
                0x00000448       0x30 ./source/key.o
 .debug_aranges
                0x00000478       0x38 ./source/main.o
 .debug_aranges
                0x000004b0       0x18 ./source/mtb.o
 .debug_aranges
                0x000004c8       0x20 ./source/semihost_hardfault.o
 .debug_aranges
                0x000004e8       0x88 ./drivers/fsl_adc16.o
 .debug_aranges
                0x00000570      0x1d8 ./drivers/fsl_clock.o
 .debug_aranges
                0x00000748       0x78 ./drivers/fsl_gpio.o
 .debug_aranges
                0x000007c0      0x178 ./drivers/fsl_i2c.o
 .debug_aranges
                0x00000938      0x118 ./drivers/fsl_lpsci.o
 .debug_aranges
                0x00000a50      0x130 ./drivers/fsl_uart.o
 .debug_aranges
                0x00000b80       0x28 ./board/board.o
 .debug_aranges
                0x00000ba8       0x30 ./CMSIS/system_MKL46Z4.o

.debug_ranges   0x00000000      0xa50
 .debug_ranges  0x00000000       0x48 ./utilities/fsl_debug_console.o
 .debug_ranges  0x00000048       0x48 ./utilities/fsl_io.o
 .debug_ranges  0x00000090       0x48 ./utilities/fsl_log.o
 .debug_ranges  0x000000d8      0x150 ./startup/startup_mkl46z4.o
 .debug_ranges  0x00000228       0x20 ./source/ADC.o
 .debug_ranges  0x00000248       0x30 ./source/MEF_Luminaria.o
 .debug_ranges  0x00000278       0x20 ./source/MEF_acumulado.o
 .debug_ranges  0x00000298       0x30 ./source/MEF_habitual.o
 .debug_ranges  0x000002c8       0x20 ./source/MEF_peatones.o
 .debug_ranges  0x000002e8       0x20 ./source/MEF_semaforos.o
 .debug_ranges  0x00000308       0x58 ./source/SD2_board.o
 .debug_ranges  0x00000360       0x28 ./source/cars.o
 .debug_ranges  0x00000388       0x20 ./source/key.o
 .debug_ranges  0x000003a8       0x28 ./source/main.o
 .debug_ranges  0x000003d0       0x10 ./source/semihost_hardfault.o
 .debug_ranges  0x000003e0       0x78 ./drivers/fsl_adc16.o
 .debug_ranges  0x00000458      0x1c8 ./drivers/fsl_clock.o
 .debug_ranges  0x00000620       0x68 ./drivers/fsl_gpio.o
 .debug_ranges  0x00000688      0x168 ./drivers/fsl_i2c.o
 .debug_ranges  0x000007f0      0x108 ./drivers/fsl_lpsci.o
 .debug_ranges  0x000008f8      0x120 ./drivers/fsl_uart.o
 .debug_ranges  0x00000a18       0x18 ./board/board.o
 .debug_ranges  0x00000a30       0x20 ./CMSIS/system_MKL46Z4.o

.debug_macro    0x00000000     0xcb42
 .debug_macro   0x00000000      0x126 ./utilities/fsl_debug_console.o
 .debug_macro   0x00000126      0xa84 ./utilities/fsl_debug_console.o
 .debug_macro   0x00000baa       0x10 ./utilities/fsl_debug_console.o
 .debug_macro   0x00000bba       0x16 ./utilities/fsl_debug_console.o
 .debug_macro   0x00000bd0       0x10 ./utilities/fsl_debug_console.o
 .debug_macro   0x00000be0      0x12e ./utilities/fsl_debug_console.o
 .debug_macro   0x00000d0e       0x28 ./utilities/fsl_debug_console.o
 .debug_macro   0x00000d36       0x16 ./utilities/fsl_debug_console.o
 .debug_macro   0x00000d4c       0x22 ./utilities/fsl_debug_console.o
 .debug_macro   0x00000d6e      0x5b3 ./utilities/fsl_debug_console.o
 .debug_macro   0x00001321       0x10 ./utilities/fsl_debug_console.o
 .debug_macro   0x00001331       0x3f ./utilities/fsl_debug_console.o
 .debug_macro   0x00001370       0x1c ./utilities/fsl_debug_console.o
 .debug_macro   0x0000138c       0x22 ./utilities/fsl_debug_console.o
 .debug_macro   0x000013ae       0xaf ./utilities/fsl_debug_console.o
 .debug_macro   0x0000145d      0x37c ./utilities/fsl_debug_console.o
 .debug_macro   0x000017d9       0x38 ./utilities/fsl_debug_console.o
 .debug_macro   0x00001811     0x87f8 ./utilities/fsl_debug_console.o
 .debug_macro   0x0000a009     0x121a ./utilities/fsl_debug_console.o
 .debug_macro   0x0000b223       0x52 ./utilities/fsl_debug_console.o
 .debug_macro   0x0000b275      0x10a ./utilities/fsl_debug_console.o
 .debug_macro   0x0000b37f       0x74 ./utilities/fsl_debug_console.o
 .debug_macro   0x0000b3f3       0x1c ./utilities/fsl_debug_console.o
 .debug_macro   0x0000b40f       0x50 ./utilities/fsl_debug_console.o
 .debug_macro   0x0000b45f      0x123 ./utilities/fsl_io.o
 .debug_macro   0x0000b582       0x1c ./utilities/fsl_io.o
 .debug_macro   0x0000b59e       0x22 ./utilities/fsl_io.o
 .debug_macro   0x0000b5c0       0x10 ./utilities/fsl_io.o
 .debug_macro   0x0000b5d0       0x10 ./utilities/fsl_io.o
 .debug_macro   0x0000b5e0      0x147 ./utilities/fsl_log.o
 .debug_macro   0x0000b727       0x29 ./startup/startup_mkl46z4.o
 .debug_macro   0x0000b750      0x112 ./source/ADC.o
 .debug_macro   0x0000b862      0x154 ./source/MEF_Luminaria.o
 .debug_macro   0x0000b9b6       0xc2 ./source/MEF_acumulado.o
 .debug_macro   0x0000ba78       0xce ./source/MEF_habitual.o
 .debug_macro   0x0000bb46       0xb4 ./source/MEF_peatones.o
 .debug_macro   0x0000bbfa       0xda ./source/MEF_semaforos.o
 .debug_macro   0x0000bcd4      0x12b ./source/SD2_board.o
 .debug_macro   0x0000bdff       0x10 ./source/SD2_board.o
 .debug_macro   0x0000be0f       0x10 ./source/SD2_board.o
 .debug_macro   0x0000be1f       0x16 ./source/SD2_board.o
 .debug_macro   0x0000be35       0x1b ./source/cars.o
 .debug_macro   0x0000be50       0xa2 ./source/key.o
 .debug_macro   0x0000bef2      0x155 ./source/main.o
 .debug_macro   0x0000c047       0x16 ./source/main.o
 .debug_macro   0x0000c05d      0x102 ./source/main.o
 .debug_macro   0x0000c15f       0x2f ./source/mtb.o
 .debug_macro   0x0000c18e       0x82 ./source/mtb.o
 .debug_macro   0x0000c210       0x10 ./source/mtb.o
 .debug_macro   0x0000c220       0x11 ./source/semihost_hardfault.o
 .debug_macro   0x0000c231      0x108 ./drivers/fsl_adc16.o
 .debug_macro   0x0000c339      0x1b8 ./drivers/fsl_clock.o
 .debug_macro   0x0000c4f1      0x108 ./drivers/fsl_gpio.o
 .debug_macro   0x0000c5f9      0x107 ./drivers/fsl_i2c.o
 .debug_macro   0x0000c700       0x16 ./drivers/fsl_i2c.o
 .debug_macro   0x0000c716      0x108 ./drivers/fsl_lpsci.o
 .debug_macro   0x0000c81e      0x10e ./drivers/fsl_uart.o
 .debug_macro   0x0000c92c      0x12b ./board/board.o
 .debug_macro   0x0000ca57       0x16 ./board/board.o
 .debug_macro   0x0000ca6d       0x1c ./board/board.o
 .debug_macro   0x0000ca89       0x22 ./board/board.o
 .debug_macro   0x0000caab       0x97 ./CMSIS/system_MKL46Z4.o

.debug_line     0x00000000     0x850a
 .debug_line    0x00000000      0x454 ./utilities/fsl_debug_console.o
 .debug_line    0x00000454      0x4f9 ./utilities/fsl_io.o
 .debug_line    0x0000094d      0x45c ./utilities/fsl_log.o
 .debug_line    0x00000da9      0x1ed ./startup/startup_mkl46z4.o
 .debug_line    0x00000f96      0x33d ./source/ADC.o
 .debug_line    0x000012d3      0x3eb ./source/MEF_Luminaria.o
 .debug_line    0x000016be      0x339 ./source/MEF_acumulado.o
 .debug_line    0x000019f7      0x3ad ./source/MEF_habitual.o
 .debug_line    0x00001da4      0x317 ./source/MEF_peatones.o
 .debug_line    0x000020bb      0x337 ./source/MEF_semaforos.o
 .debug_line    0x000023f2      0x4f3 ./source/SD2_board.o
 .debug_line    0x000028e5       0x95 ./source/cars.o
 .debug_line    0x0000297a      0x2d3 ./source/key.o
 .debug_line    0x00002c4d      0x43c ./source/main.o
 .debug_line    0x00003089       0xd1 ./source/mtb.o
 .debug_line    0x0000315a       0x59 ./source/semihost_hardfault.o
 .debug_line    0x000031b3      0x63f ./drivers/fsl_adc16.o
 .debug_line    0x000037f2     0x12df ./drivers/fsl_clock.o
 .debug_line    0x00004ad1      0x4a5 ./drivers/fsl_gpio.o
 .debug_line    0x00004f76     0x138c ./drivers/fsl_i2c.o
 .debug_line    0x00006302      0xda1 ./drivers/fsl_lpsci.o
 .debug_line    0x000070a3      0xdac ./drivers/fsl_uart.o
 .debug_line    0x00007e4f      0x36c ./board/board.o
 .debug_line    0x000081bb      0x34f ./CMSIS/system_MKL46Z4.o

.debug_str      0x00000000    0x51479
 .debug_str     0x00000000    0x4a54d ./utilities/fsl_debug_console.o
                              0x4a793 (size before relaxing)
 .debug_str     0x0004a54d      0xb9f ./utilities/fsl_io.o
                              0x4b13b (size before relaxing)
 .debug_str     0x0004b0ec      0x1d8 ./utilities/fsl_log.o
                              0x4a7a2 (size before relaxing)
 .debug_str     0x0004b2c4      0x3e7 ./startup/startup_mkl46z4.o
                               0x30aa (size before relaxing)
 .debug_str     0x0004b6ab      0x650 ./source/ADC.o
                              0x4aa19 (size before relaxing)
 .debug_str     0x0004bcfb      0x29d ./source/MEF_Luminaria.o
                              0x4ab7d (size before relaxing)
 .debug_str     0x0004bf98      0x13c ./source/MEF_acumulado.o
                              0x42e43 (size before relaxing)
 .debug_str     0x0004c0d4      0x184 ./source/MEF_habitual.o
                              0x42ee4 (size before relaxing)
 .debug_str     0x0004c258       0xf3 ./source/MEF_peatones.o
                              0x42e09 (size before relaxing)
 .debug_str     0x0004c34b       0xbb ./source/MEF_semaforos.o
                              0x42d69 (size before relaxing)
 .debug_str     0x0004c406      0x70a ./source/SD2_board.o
                              0x4b0ab (size before relaxing)
 .debug_str     0x0004cb10       0x73 ./source/cars.o
                               0x2d09 (size before relaxing)
 .debug_str     0x0004cb83       0x83 ./source/key.o
                              0x42d04 (size before relaxing)
 .debug_str     0x0004cc06      0x9f6 ./source/main.o
                              0x4addd (size before relaxing)
 .debug_str     0x0004d5fc      0x532 ./source/mtb.o
                               0x31d1 (size before relaxing)
 .debug_str     0x0004db2e       0x1f ./source/semihost_hardfault.o
                               0x2cbe (size before relaxing)
 .debug_str     0x0004db4d      0x405 ./drivers/fsl_adc16.o
                              0x4b4c4 (size before relaxing)
 .debug_str     0x0004df52     0x1723 ./drivers/fsl_clock.o
                              0x4c288 (size before relaxing)
 .debug_str     0x0004f675       0xfd ./drivers/fsl_gpio.o
                              0x4ab15 (size before relaxing)
 .debug_str     0x0004f772      0xca0 ./drivers/fsl_i2c.o
                              0x4ba2e (size before relaxing)
 .debug_str     0x00050412      0x84e ./drivers/fsl_lpsci.o
                              0x4b8b1 (size before relaxing)
 .debug_str     0x00050c60      0x777 ./drivers/fsl_uart.o
                              0x4b8ce (size before relaxing)
 .debug_str     0x000513d7       0x4c ./board/board.o
                              0x4ace1 (size before relaxing)
 .debug_str     0x00051423       0x56 ./CMSIS/system_MKL46Z4.o
                              0x49706 (size before relaxing)

.comment        0x00000000       0x49
 .comment       0x00000000       0x49 ./utilities/fsl_debug_console.o
                                 0x4a (size before relaxing)
 .comment       0x00000049       0x4a ./utilities/fsl_io.o
 .comment       0x00000049       0x4a ./utilities/fsl_log.o
 .comment       0x00000049       0x4a ./startup/startup_mkl46z4.o
 .comment       0x00000049       0x4a ./source/ADC.o
 .comment       0x00000049       0x4a ./source/MEF_Luminaria.o
 .comment       0x00000049       0x4a ./source/MEF_acumulado.o
 .comment       0x00000049       0x4a ./source/MEF_habitual.o
 .comment       0x00000049       0x4a ./source/MEF_peatones.o
 .comment       0x00000049       0x4a ./source/MEF_semaforos.o
 .comment       0x00000049       0x4a ./source/SD2_board.o
 .comment       0x00000049       0x4a ./source/cars.o
 .comment       0x00000049       0x4a ./source/key.o
 .comment       0x00000049       0x4a ./source/main.o
 .comment       0x00000049       0x4a ./source/mtb.o
 .comment       0x00000049       0x4a ./source/semihost_hardfault.o
 .comment       0x00000049       0x4a ./drivers/fsl_adc16.o
 .comment       0x00000049       0x4a ./drivers/fsl_clock.o
 .comment       0x00000049       0x4a ./drivers/fsl_gpio.o
 .comment       0x00000049       0x4a ./drivers/fsl_i2c.o
 .comment       0x00000049       0x4a ./drivers/fsl_lpsci.o
 .comment       0x00000049       0x4a ./drivers/fsl_uart.o
 .comment       0x00000049       0x4a ./board/board.o
 .comment       0x00000049       0x4a ./CMSIS/system_MKL46Z4.o
 .comment       0x00000049       0x4a c:/nxp/mcuxpressoide_11.6.1_8255/ide/plugins/com.nxp.mcuxpresso.tools.win32_11.6.1.202207200623/tools/bin/../lib/gcc/arm-none-eabi/10.3.1/../../../../arm-none-eabi/lib/thumb/v6-m/nofp\libcr_nohost_nf.a(_cr__main.o)
 .comment       0x00000049       0x4a c:/nxp/mcuxpressoide_11.6.1_8255/ide/plugins/com.nxp.mcuxpresso.tools.win32_11.6.1.202207200623/tools/bin/../lib/gcc/arm-none-eabi/10.3.1/../../../../arm-none-eabi/lib/thumb/v6-m/nofp\libcr_nohost_nf.a(_cr_assert.o)
 .comment       0x00000049       0x4a c:/nxp/mcuxpressoide_11.6.1_8255/ide/plugins/com.nxp.mcuxpresso.tools.win32_11.6.1.202207200623/tools/bin/../lib/gcc/arm-none-eabi/10.3.1/../../../../arm-none-eabi/lib/thumb/v6-m/nofp\libcr_nohost_nf.a(__ciob.o)
 .comment       0x00000049       0x4a c:/nxp/mcuxpressoide_11.6.1_8255/ide/plugins/com.nxp.mcuxpresso.tools.win32_11.6.1.202207200623/tools/bin/../lib/gcc/arm-none-eabi/10.3.1/../../../../arm-none-eabi/lib/thumb/v6-m/nofp\libcr_nohost_nf.a(__sys_appexit.o)
 .comment       0x00000049       0x4a c:/nxp/mcuxpressoide_11.6.1_8255/ide/plugins/com.nxp.mcuxpresso.tools.win32_11.6.1.202207200623/tools/bin/../lib/gcc/arm-none-eabi/10.3.1/../../../../arm-none-eabi/lib/thumb/v6-m/nofp\libcr_c.a(memset.o)
 .comment       0x00000049       0x4a c:/nxp/mcuxpressoide_11.6.1_8255/ide/plugins/com.nxp.mcuxpresso.tools.win32_11.6.1.202207200623/tools/bin/../lib/gcc/arm-none-eabi/10.3.1/../../../../arm-none-eabi/lib/thumb/v6-m/nofp\libcr_c.a(_deferredlazyseek.o)
 .comment       0x00000049       0x4a c:/nxp/mcuxpressoide_11.6.1_8255/ide/plugins/com.nxp.mcuxpresso.tools.win32_11.6.1.202207200623/tools/bin/../lib/gcc/arm-none-eabi/10.3.1/../../../../arm-none-eabi/lib/thumb/v6-m/nofp\libcr_c.a(_fflush.o)
 .comment       0x00000049       0x4a c:/nxp/mcuxpressoide_11.6.1_8255/ide/plugins/com.nxp.mcuxpresso.tools.win32_11.6.1.202207200623/tools/bin/../lib/gcc/arm-none-eabi/10.3.1/../../../../arm-none-eabi/lib/thumb/v6-m/nofp\libcr_c.a(_writebuf.o)
 .comment       0x00000049       0x4a c:/nxp/mcuxpressoide_11.6.1_8255/ide/plugins/com.nxp.mcuxpresso.tools.win32_11.6.1.202207200623/tools/bin/../lib/gcc/arm-none-eabi/10.3.1/../../../../arm-none-eabi/lib/thumb/v6-m/nofp\libcr_c.a(alloc.o)
 .comment       0x00000049       0x4a c:/nxp/mcuxpressoide_11.6.1_8255/ide/plugins/com.nxp.mcuxpresso.tools.win32_11.6.1.202207200623/tools/bin/../lib/gcc/arm-none-eabi/10.3.1/../../../../arm-none-eabi/lib/thumb/v6-m/nofp\libcr_c.a(fputs.o)
 .comment       0x00000049       0x4a c:/nxp/mcuxpressoide_11.6.1_8255/ide/plugins/com.nxp.mcuxpresso.tools.win32_11.6.1.202207200623/tools/bin/../lib/gcc/arm-none-eabi/10.3.1/../../../../arm-none-eabi/lib/thumb/v6-m/nofp\libcr_c.a(fseek.o)
 .comment       0x00000049       0x4a c:/nxp/mcuxpressoide_11.6.1_8255/ide/plugins/com.nxp.mcuxpresso.tools.win32_11.6.1.202207200623/tools/bin/../lib/gcc/arm-none-eabi/10.3.1/../../../../arm-none-eabi/lib/thumb/v6-m/nofp\libcr_c.a(ftell.o)
 .comment       0x00000049       0x4a c:/nxp/mcuxpressoide_11.6.1_8255/ide/plugins/com.nxp.mcuxpresso.tools.win32_11.6.1.202207200623/tools/bin/../lib/gcc/arm-none-eabi/10.3.1/../../../../arm-none-eabi/lib/thumb/v6-m/nofp\libcr_c.a(initio.o)
 .comment       0x00000049       0x4a c:/nxp/mcuxpressoide_11.6.1_8255/ide/plugins/com.nxp.mcuxpresso.tools.win32_11.6.1.202207200623/tools/bin/../lib/gcc/arm-none-eabi/10.3.1/../../../../arm-none-eabi/lib/thumb/v6-m/nofp\libcr_c.a(setvbuf.o)
 .comment       0x00000049       0x4a c:/nxp/mcuxpressoide_11.6.1_8255/ide/plugins/com.nxp.mcuxpresso.tools.win32_11.6.1.202207200623/tools/bin/../lib/gcc/arm-none-eabi/10.3.1/../../../../arm-none-eabi/lib/thumb/v6-m/nofp\libcr_c.a(strlen.o)
 .comment       0x00000049       0x4a c:/nxp/mcuxpressoide_11.6.1_8255/ide/plugins/com.nxp.mcuxpresso.tools.win32_11.6.1.202207200623/tools/bin/../lib/gcc/arm-none-eabi/10.3.1/../../../../arm-none-eabi/lib/thumb/v6-m/nofp\libcr_c.a(__init_alloc.o)
 .comment       0x00000049       0x4a c:/nxp/mcuxpressoide_11.6.1_8255/ide/plugins/com.nxp.mcuxpresso.tools.win32_11.6.1.202207200623/tools/bin/../lib/gcc/arm-none-eabi/10.3.1/../../../../arm-none-eabi/lib/thumb/v6-m/nofp\libcr_c.a(_cr_sbrk.o)
 .comment       0x00000049       0x4a c:/nxp/mcuxpressoide_11.6.1_8255/ide/plugins/com.nxp.mcuxpresso.tools.win32_11.6.1.202207200623/tools/bin/../lib/gcc/arm-none-eabi/10.3.1/../../../../arm-none-eabi/lib/thumb/v6-m/nofp\libcr_c.a(_fdopen.o)
 .comment       0x00000049       0x4a c:/nxp/mcuxpressoide_11.6.1_8255/ide/plugins/com.nxp.mcuxpresso.tools.win32_11.6.1.202207200623/tools/bin/../lib/gcc/arm-none-eabi/10.3.1/../../../../arm-none-eabi/lib/thumb/v6-m/nofp\libcr_c.a(errno.o)
 .comment       0x00000049       0x4a c:/nxp/mcuxpressoide_11.6.1_8255/ide/plugins/com.nxp.mcuxpresso.tools.win32_11.6.1.202207200623/tools/bin/../lib/gcc/arm-none-eabi/10.3.1/../../../../arm-none-eabi/lib/thumb/v6-m/nofp\libcr_c.a(fclose.o)
 .comment       0x00000049       0x4a c:/nxp/mcuxpressoide_11.6.1_8255/ide/plugins/com.nxp.mcuxpresso.tools.win32_11.6.1.202207200623/tools/bin/../lib/gcc/arm-none-eabi/10.3.1/../../../../arm-none-eabi/lib/thumb/v6-m/nofp\libcr_c.a(fflush.o)
 .comment       0x00000049       0x4a c:/nxp/mcuxpressoide_11.6.1_8255/ide/plugins/com.nxp.mcuxpresso.tools.win32_11.6.1.202207200623/tools/bin/../lib/gcc/arm-none-eabi/10.3.1/../../../../arm-none-eabi/lib/thumb/v6-m/nofp\libcr_c.a(remove.o)
 .comment       0x00000049       0x4a c:/nxp/mcuxpressoide_11.6.1_8255/ide/plugins/com.nxp.mcuxpresso.tools.win32_11.6.1.202207200623/tools/bin/../lib/gcc/arm-none-eabi/10.3.1/../../../../arm-none-eabi/lib/thumb/v6-m/nofp\libcr_c.a(_cr_check_heap.o)
 .comment       0x00000049       0x4a c:/nxp/mcuxpressoide_11.6.1_8255/ide/plugins/com.nxp.mcuxpresso.tools.win32_11.6.1.202207200623/tools/bin/../lib/gcc/arm-none-eabi/10.3.1/../../../../arm-none-eabi/lib/thumb/v6-m/nofp\libcr_c.a(_do_fflush.o)
 .comment       0x00000049       0x4a c:/nxp/mcuxpressoide_11.6.1_8255/ide/plugins/com.nxp.mcuxpresso.tools.win32_11.6.1.202207200623/tools/bin/../lib/gcc/arm-none-eabi/10.3.1/thumb/v6-m/nofp\libcr_eabihelpers.a(float.o)
 .comment       0x00000049       0x4a c:/nxp/mcuxpressoide_11.6.1_8255/ide/plugins/com.nxp.mcuxpresso.tools.win32_11.6.1.202207200623/tools/bin/../lib/gcc/arm-none-eabi/10.3.1/../../../../arm-none-eabi/lib/thumb/v6-m/nofp\libcr_nohost_nf.a(__sys_close.o)
 .comment       0x00000049       0x4a c:/nxp/mcuxpressoide_11.6.1_8255/ide/plugins/com.nxp.mcuxpresso.tools.win32_11.6.1.202207200623/tools/bin/../lib/gcc/arm-none-eabi/10.3.1/../../../../arm-none-eabi/lib/thumb/v6-m/nofp\libcr_nohost_nf.a(__sys_flen.o)
 .comment       0x00000049       0x4a c:/nxp/mcuxpressoide_11.6.1_8255/ide/plugins/com.nxp.mcuxpresso.tools.win32_11.6.1.202207200623/tools/bin/../lib/gcc/arm-none-eabi/10.3.1/../../../../arm-none-eabi/lib/thumb/v6-m/nofp\libcr_nohost_nf.a(__sys_istty.o)
 .comment       0x00000049       0x4a c:/nxp/mcuxpressoide_11.6.1_8255/ide/plugins/com.nxp.mcuxpresso.tools.win32_11.6.1.202207200623/tools/bin/../lib/gcc/arm-none-eabi/10.3.1/../../../../arm-none-eabi/lib/thumb/v6-m/nofp\libcr_nohost_nf.a(__sys_remove.o)
 .comment       0x00000049       0x4a c:/nxp/mcuxpressoide_11.6.1_8255/ide/plugins/com.nxp.mcuxpresso.tools.win32_11.6.1.202207200623/tools/bin/../lib/gcc/arm-none-eabi/10.3.1/../../../../arm-none-eabi/lib/thumb/v6-m/nofp\libcr_nohost_nf.a(__sys_seek.o)
 .comment       0x00000049       0x4a c:/nxp/mcuxpressoide_11.6.1_8255/ide/plugins/com.nxp.mcuxpresso.tools.win32_11.6.1.202207200623/tools/bin/../lib/gcc/arm-none-eabi/10.3.1/../../../../arm-none-eabi/lib/thumb/v6-m/nofp\libcr_nohost_nf.a(__sys_tmpnam.o)
 .comment       0x00000049       0x4a c:/nxp/mcuxpressoide_11.6.1_8255/ide/plugins/com.nxp.mcuxpresso.tools.win32_11.6.1.202207200623/tools/bin/../lib/gcc/arm-none-eabi/10.3.1/../../../../arm-none-eabi/lib/thumb/v6-m/nofp\libcr_nohost_nf.a(__sys_write.o)

.ARM.attributes
                0x00000000       0x2a
 .ARM.attributes
                0x00000000       0x2c ./utilities/fsl_debug_console.o
 .ARM.attributes
                0x0000002c       0x2c ./utilities/fsl_io.o
 .ARM.attributes
                0x00000058       0x2c ./utilities/fsl_log.o
 .ARM.attributes
                0x00000084       0x2c ./startup/startup_mkl46z4.o
 .ARM.attributes
                0x000000b0       0x2c ./source/ADC.o
 .ARM.attributes
                0x000000dc       0x2c ./source/MEF_Luminaria.o
 .ARM.attributes
                0x00000108       0x2c ./source/MEF_acumulado.o
 .ARM.attributes
                0x00000134       0x2c ./source/MEF_habitual.o
 .ARM.attributes
                0x00000160       0x2c ./source/MEF_peatones.o
 .ARM.attributes
                0x0000018c       0x2c ./source/MEF_semaforos.o
 .ARM.attributes
                0x000001b8       0x2c ./source/SD2_board.o
 .ARM.attributes
                0x000001e4       0x2c ./source/cars.o
 .ARM.attributes
                0x00000210       0x2c ./source/key.o
 .ARM.attributes
                0x0000023c       0x2c ./source/main.o
 .ARM.attributes
                0x00000268       0x2c ./source/mtb.o
 .ARM.attributes
                0x00000294       0x2c ./source/semihost_hardfault.o
 .ARM.attributes
                0x000002c0       0x2c ./drivers/fsl_adc16.o
 .ARM.attributes
                0x000002ec       0x2c ./drivers/fsl_clock.o
 .ARM.attributes
                0x00000318       0x2c ./drivers/fsl_gpio.o
 .ARM.attributes
                0x00000344       0x2c ./drivers/fsl_i2c.o
 .ARM.attributes
                0x00000370       0x2c ./drivers/fsl_lpsci.o
 .ARM.attributes
                0x0000039c       0x2c ./drivers/fsl_uart.o
 .ARM.attributes
                0x000003c8       0x2c ./board/board.o
 .ARM.attributes
                0x000003f4       0x2c ./CMSIS/system_MKL46Z4.o
 .ARM.attributes
                0x00000420       0x2c c:/nxp/mcuxpressoide_11.6.1_8255/ide/plugins/com.nxp.mcuxpresso.tools.win32_11.6.1.202207200623/tools/bin/../lib/gcc/arm-none-eabi/10.3.1/../../../../arm-none-eabi/lib/thumb/v6-m/nofp\libcr_nohost_nf.a(_cr__main.o)
 .ARM.attributes
                0x0000044c       0x2c c:/nxp/mcuxpressoide_11.6.1_8255/ide/plugins/com.nxp.mcuxpresso.tools.win32_11.6.1.202207200623/tools/bin/../lib/gcc/arm-none-eabi/10.3.1/../../../../arm-none-eabi/lib/thumb/v6-m/nofp\libcr_nohost_nf.a(_cr_assert.o)
 .ARM.attributes
                0x00000478       0x2c c:/nxp/mcuxpressoide_11.6.1_8255/ide/plugins/com.nxp.mcuxpresso.tools.win32_11.6.1.202207200623/tools/bin/../lib/gcc/arm-none-eabi/10.3.1/../../../../arm-none-eabi/lib/thumb/v6-m/nofp\libcr_nohost_nf.a(__ciob.o)
 .ARM.attributes
                0x000004a4       0x2c c:/nxp/mcuxpressoide_11.6.1_8255/ide/plugins/com.nxp.mcuxpresso.tools.win32_11.6.1.202207200623/tools/bin/../lib/gcc/arm-none-eabi/10.3.1/../../../../arm-none-eabi/lib/thumb/v6-m/nofp\libcr_nohost_nf.a(__sys_appexit.o)
 .ARM.attributes
                0x000004d0       0x2c c:/nxp/mcuxpressoide_11.6.1_8255/ide/plugins/com.nxp.mcuxpresso.tools.win32_11.6.1.202207200623/tools/bin/../lib/gcc/arm-none-eabi/10.3.1/../../../../arm-none-eabi/lib/thumb/v6-m/nofp\libcr_c.a(memset.o)
 .ARM.attributes
                0x000004fc       0x2c c:/nxp/mcuxpressoide_11.6.1_8255/ide/plugins/com.nxp.mcuxpresso.tools.win32_11.6.1.202207200623/tools/bin/../lib/gcc/arm-none-eabi/10.3.1/../../../../arm-none-eabi/lib/thumb/v6-m/nofp\libcr_c.a(_deferredlazyseek.o)
 .ARM.attributes
                0x00000528       0x2c c:/nxp/mcuxpressoide_11.6.1_8255/ide/plugins/com.nxp.mcuxpresso.tools.win32_11.6.1.202207200623/tools/bin/../lib/gcc/arm-none-eabi/10.3.1/../../../../arm-none-eabi/lib/thumb/v6-m/nofp\libcr_c.a(_fflush.o)
 .ARM.attributes
                0x00000554       0x2c c:/nxp/mcuxpressoide_11.6.1_8255/ide/plugins/com.nxp.mcuxpresso.tools.win32_11.6.1.202207200623/tools/bin/../lib/gcc/arm-none-eabi/10.3.1/../../../../arm-none-eabi/lib/thumb/v6-m/nofp\libcr_c.a(_writebuf.o)
 .ARM.attributes
                0x00000580       0x2c c:/nxp/mcuxpressoide_11.6.1_8255/ide/plugins/com.nxp.mcuxpresso.tools.win32_11.6.1.202207200623/tools/bin/../lib/gcc/arm-none-eabi/10.3.1/../../../../arm-none-eabi/lib/thumb/v6-m/nofp\libcr_c.a(alloc.o)
 .ARM.attributes
                0x000005ac       0x2c c:/nxp/mcuxpressoide_11.6.1_8255/ide/plugins/com.nxp.mcuxpresso.tools.win32_11.6.1.202207200623/tools/bin/../lib/gcc/arm-none-eabi/10.3.1/../../../../arm-none-eabi/lib/thumb/v6-m/nofp\libcr_c.a(fputs.o)
 .ARM.attributes
                0x000005d8       0x2c c:/nxp/mcuxpressoide_11.6.1_8255/ide/plugins/com.nxp.mcuxpresso.tools.win32_11.6.1.202207200623/tools/bin/../lib/gcc/arm-none-eabi/10.3.1/../../../../arm-none-eabi/lib/thumb/v6-m/nofp\libcr_c.a(fseek.o)
 .ARM.attributes
                0x00000604       0x2c c:/nxp/mcuxpressoide_11.6.1_8255/ide/plugins/com.nxp.mcuxpresso.tools.win32_11.6.1.202207200623/tools/bin/../lib/gcc/arm-none-eabi/10.3.1/../../../../arm-none-eabi/lib/thumb/v6-m/nofp\libcr_c.a(ftell.o)
 .ARM.attributes
                0x00000630       0x2c c:/nxp/mcuxpressoide_11.6.1_8255/ide/plugins/com.nxp.mcuxpresso.tools.win32_11.6.1.202207200623/tools/bin/../lib/gcc/arm-none-eabi/10.3.1/../../../../arm-none-eabi/lib/thumb/v6-m/nofp\libcr_c.a(initio.o)
 .ARM.attributes
                0x0000065c       0x2c c:/nxp/mcuxpressoide_11.6.1_8255/ide/plugins/com.nxp.mcuxpresso.tools.win32_11.6.1.202207200623/tools/bin/../lib/gcc/arm-none-eabi/10.3.1/../../../../arm-none-eabi/lib/thumb/v6-m/nofp\libcr_c.a(setvbuf.o)
 .ARM.attributes
                0x00000688       0x2c c:/nxp/mcuxpressoide_11.6.1_8255/ide/plugins/com.nxp.mcuxpresso.tools.win32_11.6.1.202207200623/tools/bin/../lib/gcc/arm-none-eabi/10.3.1/../../../../arm-none-eabi/lib/thumb/v6-m/nofp\libcr_c.a(strlen.o)
 .ARM.attributes
                0x000006b4       0x2c c:/nxp/mcuxpressoide_11.6.1_8255/ide/plugins/com.nxp.mcuxpresso.tools.win32_11.6.1.202207200623/tools/bin/../lib/gcc/arm-none-eabi/10.3.1/../../../../arm-none-eabi/lib/thumb/v6-m/nofp\libcr_c.a(__init_alloc.o)
 .ARM.attributes
                0x000006e0       0x2c c:/nxp/mcuxpressoide_11.6.1_8255/ide/plugins/com.nxp.mcuxpresso.tools.win32_11.6.1.202207200623/tools/bin/../lib/gcc/arm-none-eabi/10.3.1/../../../../arm-none-eabi/lib/thumb/v6-m/nofp\libcr_c.a(_cr_sbrk.o)
 .ARM.attributes
                0x0000070c       0x2c c:/nxp/mcuxpressoide_11.6.1_8255/ide/plugins/com.nxp.mcuxpresso.tools.win32_11.6.1.202207200623/tools/bin/../lib/gcc/arm-none-eabi/10.3.1/../../../../arm-none-eabi/lib/thumb/v6-m/nofp\libcr_c.a(_fdopen.o)
 .ARM.attributes
                0x00000738       0x2c c:/nxp/mcuxpressoide_11.6.1_8255/ide/plugins/com.nxp.mcuxpresso.tools.win32_11.6.1.202207200623/tools/bin/../lib/gcc/arm-none-eabi/10.3.1/../../../../arm-none-eabi/lib/thumb/v6-m/nofp\libcr_c.a(errno.o)
 .ARM.attributes
                0x00000764       0x2c c:/nxp/mcuxpressoide_11.6.1_8255/ide/plugins/com.nxp.mcuxpresso.tools.win32_11.6.1.202207200623/tools/bin/../lib/gcc/arm-none-eabi/10.3.1/../../../../arm-none-eabi/lib/thumb/v6-m/nofp\libcr_c.a(fclose.o)
 .ARM.attributes
                0x00000790       0x2c c:/nxp/mcuxpressoide_11.6.1_8255/ide/plugins/com.nxp.mcuxpresso.tools.win32_11.6.1.202207200623/tools/bin/../lib/gcc/arm-none-eabi/10.3.1/../../../../arm-none-eabi/lib/thumb/v6-m/nofp\libcr_c.a(fflush.o)
 .ARM.attributes
                0x000007bc       0x2c c:/nxp/mcuxpressoide_11.6.1_8255/ide/plugins/com.nxp.mcuxpresso.tools.win32_11.6.1.202207200623/tools/bin/../lib/gcc/arm-none-eabi/10.3.1/../../../../arm-none-eabi/lib/thumb/v6-m/nofp\libcr_c.a(remove.o)
 .ARM.attributes
                0x000007e8       0x2c c:/nxp/mcuxpressoide_11.6.1_8255/ide/plugins/com.nxp.mcuxpresso.tools.win32_11.6.1.202207200623/tools/bin/../lib/gcc/arm-none-eabi/10.3.1/../../../../arm-none-eabi/lib/thumb/v6-m/nofp\libcr_c.a(_cr_check_heap.o)
 .ARM.attributes
                0x00000814       0x2c c:/nxp/mcuxpressoide_11.6.1_8255/ide/plugins/com.nxp.mcuxpresso.tools.win32_11.6.1.202207200623/tools/bin/../lib/gcc/arm-none-eabi/10.3.1/../../../../arm-none-eabi/lib/thumb/v6-m/nofp\libcr_c.a(_do_fflush.o)
 .ARM.attributes
                0x00000840       0x1c c:/nxp/mcuxpressoide_11.6.1_8255/ide/plugins/com.nxp.mcuxpresso.tools.win32_11.6.1.202207200623/tools/bin/../lib/gcc/arm-none-eabi/10.3.1/thumb/v6-m/nofp\libcr_eabihelpers.a(division_32.o)
 .ARM.attributes
                0x0000085c       0x1c c:/nxp/mcuxpressoide_11.6.1_8255/ide/plugins/com.nxp.mcuxpresso.tools.win32_11.6.1.202207200623/tools/bin/../lib/gcc/arm-none-eabi/10.3.1/thumb/v6-m/nofp\libcr_eabihelpers.a(division_idiv0.o)
 .ARM.attributes
                0x00000878       0x2c c:/nxp/mcuxpressoide_11.6.1_8255/ide/plugins/com.nxp.mcuxpresso.tools.win32_11.6.1.202207200623/tools/bin/../lib/gcc/arm-none-eabi/10.3.1/thumb/v6-m/nofp\libcr_eabihelpers.a(float.o)
 .ARM.attributes
                0x000008a4       0x1c c:/nxp/mcuxpressoide_11.6.1_8255/ide/plugins/com.nxp.mcuxpresso.tools.win32_11.6.1.202207200623/tools/bin/../lib/gcc/arm-none-eabi/10.3.1/thumb/v6-m/nofp\libcr_eabihelpers.a(llong.o)
 .ARM.attributes
                0x000008c0       0x1c c:/nxp/mcuxpressoide_11.6.1_8255/ide/plugins/com.nxp.mcuxpresso.tools.win32_11.6.1.202207200623/tools/bin/../lib/gcc/arm-none-eabi/10.3.1/thumb/v6-m/nofp\libcr_eabihelpers.a(memcpy.o)
 .ARM.attributes
                0x000008dc       0x2c c:/nxp/mcuxpressoide_11.6.1_8255/ide/plugins/com.nxp.mcuxpresso.tools.win32_11.6.1.202207200623/tools/bin/../lib/gcc/arm-none-eabi/10.3.1/../../../../arm-none-eabi/lib/thumb/v6-m/nofp\libcr_nohost_nf.a(__sys_close.o)
 .ARM.attributes
                0x00000908       0x2c c:/nxp/mcuxpressoide_11.6.1_8255/ide/plugins/com.nxp.mcuxpresso.tools.win32_11.6.1.202207200623/tools/bin/../lib/gcc/arm-none-eabi/10.3.1/../../../../arm-none-eabi/lib/thumb/v6-m/nofp\libcr_nohost_nf.a(__sys_flen.o)
 .ARM.attributes
                0x00000934       0x2c c:/nxp/mcuxpressoide_11.6.1_8255/ide/plugins/com.nxp.mcuxpresso.tools.win32_11.6.1.202207200623/tools/bin/../lib/gcc/arm-none-eabi/10.3.1/../../../../arm-none-eabi/lib/thumb/v6-m/nofp\libcr_nohost_nf.a(__sys_istty.o)
 .ARM.attributes
                0x00000960       0x2c c:/nxp/mcuxpressoide_11.6.1_8255/ide/plugins/com.nxp.mcuxpresso.tools.win32_11.6.1.202207200623/tools/bin/../lib/gcc/arm-none-eabi/10.3.1/../../../../arm-none-eabi/lib/thumb/v6-m/nofp\libcr_nohost_nf.a(__sys_remove.o)
 .ARM.attributes
                0x0000098c       0x2c c:/nxp/mcuxpressoide_11.6.1_8255/ide/plugins/com.nxp.mcuxpresso.tools.win32_11.6.1.202207200623/tools/bin/../lib/gcc/arm-none-eabi/10.3.1/../../../../arm-none-eabi/lib/thumb/v6-m/nofp\libcr_nohost_nf.a(__sys_seek.o)
 .ARM.attributes
                0x000009b8       0x2c c:/nxp/mcuxpressoide_11.6.1_8255/ide/plugins/com.nxp.mcuxpresso.tools.win32_11.6.1.202207200623/tools/bin/../lib/gcc/arm-none-eabi/10.3.1/../../../../arm-none-eabi/lib/thumb/v6-m/nofp\libcr_nohost_nf.a(__sys_tmpnam.o)
 .ARM.attributes
                0x000009e4       0x2c c:/nxp/mcuxpressoide_11.6.1_8255/ide/plugins/com.nxp.mcuxpresso.tools.win32_11.6.1.202207200623/tools/bin/../lib/gcc/arm-none-eabi/10.3.1/../../../../arm-none-eabi/lib/thumb/v6-m/nofp\libcr_nohost_nf.a(__sys_write.o)

.debug_frame    0x00000000     0x25a0
 .debug_frame   0x00000000      0x110 ./utilities/fsl_debug_console.o
 .debug_frame   0x00000110      0x108 ./utilities/fsl_io.o
 .debug_frame   0x00000218      0x108 ./utilities/fsl_log.o
 .debug_frame   0x00000320      0x3b0 ./startup/startup_mkl46z4.o
 .debug_frame   0x000006d0       0x70 ./source/ADC.o
 .debug_frame   0x00000740       0xa4 ./source/MEF_Luminaria.o
 .debug_frame   0x000007e4       0x68 ./source/MEF_acumulado.o
 .debug_frame   0x0000084c       0xa4 ./source/MEF_habitual.o
 .debug_frame   0x000008f0       0x68 ./source/MEF_peatones.o
 .debug_frame   0x00000958       0x64 ./source/MEF_semaforos.o
 .debug_frame   0x000009bc      0x150 ./source/SD2_board.o
 .debug_frame   0x00000b0c       0x80 ./source/cars.o
 .debug_frame   0x00000b8c       0x70 ./source/key.o
 .debug_frame   0x00000bfc       0x88 ./source/main.o
 .debug_frame   0x00000c84       0x20 ./source/semihost_hardfault.o
 .debug_frame   0x00000ca4      0x1d0 ./drivers/fsl_adc16.o
 .debug_frame   0x00000e74      0x6e0 ./drivers/fsl_clock.o
 .debug_frame   0x00001554      0x190 ./drivers/fsl_gpio.o
 .debug_frame   0x000016e4      0x58c ./drivers/fsl_i2c.o
 .debug_frame   0x00001c70      0x414 ./drivers/fsl_lpsci.o
 .debug_frame   0x00002084      0x464 ./drivers/fsl_uart.o
 .debug_frame   0x000024e8       0x50 ./board/board.o
 .debug_frame   0x00002538       0x68 ./CMSIS/system_MKL46Z4.o

Cross Reference Table

Symbol                                            File
ADC0_DriverIRQHandler                             ./startup/startup_mkl46z4.o
ADC0_IRQHandler                                   ./startup/startup_mkl46z4.o
ADC16_ClearStatusFlags                            ./drivers/fsl_adc16.o
ADC16_Deinit                                      ./drivers/fsl_adc16.o
ADC16_DoAutoCalibration                           ./drivers/fsl_adc16.o
                                                  ./source/ADC.o
ADC16_GetChannelStatusFlags                       ./drivers/fsl_adc16.o
                                                  ./source/ADC.o
ADC16_GetDefaultConfig                            ./drivers/fsl_adc16.o
                                                  ./source/ADC.o
ADC16_GetStatusFlags                              ./drivers/fsl_adc16.o
ADC16_Init                                        ./drivers/fsl_adc16.o
                                                  ./source/ADC.o
ADC16_SetChannelConfig                            ./drivers/fsl_adc16.o
                                                  ./source/ADC.o
ADC16_SetChannelMuxMode                           ./drivers/fsl_adc16.o
ADC16_SetHardwareAverage                          ./drivers/fsl_adc16.o
ADC16_SetHardwareCompareConfig                    ./drivers/fsl_adc16.o
ADC_Init                                          ./source/ADC.o
                                                  ./source/main.o
                                                  ./source/MEF_Luminaria.o
ADC_Leer_Luz                                      ./source/ADC.o
                                                  ./source/MEF_Luminaria.o
BOARD_BootClockRUN                                ./board/clock_config.o
BOARD_BootClockVLPR                               ./board/clock_config.o
BOARD_InitBootClocks                              ./board/clock_config.o
BOARD_InitBootPeripherals                         ./board/peripherals.o
BOARD_InitBootPins                                ./board/pin_mux.o
BOARD_InitDebugConsole                            ./board/board.o
                                                  ./source/main.o
BOARD_InitPins                                    ./board/pin_mux.o
CLOCK_BootToBlpeMode                              ./drivers/fsl_clock.o
CLOCK_BootToBlpiMode                              ./drivers/fsl_clock.o
                                                  ./board/clock_config.o
CLOCK_BootToFeeMode                               ./drivers/fsl_clock.o
CLOCK_BootToFeiMode                               ./drivers/fsl_clock.o
CLOCK_BootToPeeMode                               ./drivers/fsl_clock.o
                                                  ./board/clock_config.o
CLOCK_CalcPllDiv                                  ./drivers/fsl_clock.o
CLOCK_ClearStatusFlags                            ./drivers/fsl_clock.o
CLOCK_DeinitOsc0                                  ./drivers/fsl_clock.o
CLOCK_EnablePll0                                  ./drivers/fsl_clock.o
CLOCK_EnableUsbfs0Clock                           ./drivers/fsl_clock.o
CLOCK_ExternalModeToFbeModeQuick                  ./drivers/fsl_clock.o
CLOCK_GetBusClkFreq                               ./drivers/fsl_clock.o
CLOCK_GetCoreSysClkFreq                           ./drivers/fsl_clock.o
CLOCK_GetEr32kClkFreq                             ./drivers/fsl_clock.o
CLOCK_GetFixedFreqClkFreq                         ./drivers/fsl_clock.o
CLOCK_GetFlashClkFreq                             ./drivers/fsl_clock.o
CLOCK_GetFllFreq                                  ./drivers/fsl_clock.o
CLOCK_GetFreq                                     ./drivers/fsl_clock.o
CLOCK_GetInternalRefClkFreq                       ./drivers/fsl_clock.o
CLOCK_GetMode                                     ./drivers/fsl_clock.o
CLOCK_GetOsc0ErClkFreq                            ./drivers/fsl_clock.o
CLOCK_GetOutClkFreq                               ./drivers/fsl_clock.o
CLOCK_GetPlatClkFreq                              ./drivers/fsl_clock.o
CLOCK_GetPll0Freq                                 ./drivers/fsl_clock.o
CLOCK_GetPllFllSelClkFreq                         ./drivers/fsl_clock.o
                                                  ./board/board.o
CLOCK_GetStatusFlags                              ./drivers/fsl_clock.o
CLOCK_InitOsc0                                    ./drivers/fsl_clock.o
                                                  ./board/clock_config.o
CLOCK_InternalModeToFbiModeQuick                  ./drivers/fsl_clock.o
CLOCK_SetBlpeMode                                 ./drivers/fsl_clock.o
CLOCK_SetBlpiMode                                 ./drivers/fsl_clock.o
CLOCK_SetExternalRefClkConfig                     ./drivers/fsl_clock.o
CLOCK_SetFbeMode                                  ./drivers/fsl_clock.o
CLOCK_SetFbiMode                                  ./drivers/fsl_clock.o
CLOCK_SetFeeMode                                  ./drivers/fsl_clock.o
CLOCK_SetFeiMode                                  ./drivers/fsl_clock.o
CLOCK_SetInternalRefClkConfig                     ./drivers/fsl_clock.o
                                                  ./board/clock_config.o
CLOCK_SetMcgConfig                                ./drivers/fsl_clock.o
CLOCK_SetOsc0MonitorMode                          ./drivers/fsl_clock.o
CLOCK_SetPbeMode                                  ./drivers/fsl_clock.o
CLOCK_SetPeeMode                                  ./drivers/fsl_clock.o
CLOCK_SetPll0MonitorMode                          ./drivers/fsl_clock.o
CLOCK_SetSimConfig                                ./drivers/fsl_clock.o
                                                  ./board/clock_config.o
CLOCK_TrimInternalRefClk                          ./drivers/fsl_clock.o
CMP0_DriverIRQHandler                             ./startup/startup_mkl46z4.o
CMP0_IRQHandler                                   ./startup/startup_mkl46z4.o
DAC0_DriverIRQHandler                             ./startup/startup_mkl46z4.o
DAC0_IRQHandler                                   ./startup/startup_mkl46z4.o
DMA0_DriverIRQHandler                             ./startup/startup_mkl46z4.o
DMA0_IRQHandler                                   ./startup/startup_mkl46z4.o
DMA1_DriverIRQHandler                             ./startup/startup_mkl46z4.o
DMA1_IRQHandler                                   ./startup/startup_mkl46z4.o
DMA2_DriverIRQHandler                             ./startup/startup_mkl46z4.o
DMA2_IRQHandler                                   ./startup/startup_mkl46z4.o
DMA3_DriverIRQHandler                             ./startup/startup_mkl46z4.o
DMA3_IRQHandler                                   ./startup/startup_mkl46z4.o
DbgConsole_Deinit                                 ./utilities/fsl_debug_console.o
DbgConsole_Flush                                  ./utilities/fsl_debug_console.o
DbgConsole_Getchar                                ./utilities/fsl_debug_console.o
DbgConsole_Init                                   ./utilities/fsl_debug_console.o
                                                  ./board/board.o
DbgConsole_Printf                                 ./utilities/fsl_debug_console.o
DbgConsole_Putchar                                ./utilities/fsl_debug_console.o
DbgConsole_Scanf                                  ./utilities/fsl_debug_console.o
FGPIO_PinInit                                     ./drivers/fsl_gpio.o
FGPIO_PortClearInterruptFlags                     ./drivers/fsl_gpio.o
FGPIO_PortGetInterruptFlags                       ./drivers/fsl_gpio.o
FLASH_Erase                                       ./drivers/fsl_ftfx_flash.o
FLASH_EraseAll                                    ./drivers/fsl_ftfx_flash.o
FLASH_GetProperty                                 ./drivers/fsl_ftfx_flash.o
FLASH_GetSecurityState                            ./drivers/fsl_ftfx_flash.o
FLASH_Init                                        ./drivers/fsl_ftfx_flash.o
FLASH_IsExecuteOnly                               ./drivers/fsl_ftfx_flash.o
FLASH_IsProtected                                 ./drivers/fsl_ftfx_flash.o
FLASH_PflashGetProtection                         ./drivers/fsl_ftfx_flash.o
FLASH_PflashSetProtection                         ./drivers/fsl_ftfx_flash.o
FLASH_Program                                     ./drivers/fsl_ftfx_flash.o
FLASH_ReadResource                                ./drivers/fsl_ftfx_flash.o
FLASH_SecurityBypass                              ./drivers/fsl_ftfx_flash.o
FLASH_VerifyErase                                 ./drivers/fsl_ftfx_flash.o
FLASH_VerifyEraseAll                              ./drivers/fsl_ftfx_flash.o
FLASH_VerifyProgram                               ./drivers/fsl_ftfx_flash.o
FTFA_DriverIRQHandler                             ./startup/startup_mkl46z4.o
FTFA_IRQHandler                                   ./startup/startup_mkl46z4.o
FTFx_API_Init                                     ./drivers/fsl_ftfx_controller.o
                                                  ./drivers/fsl_ftfx_flash.o
FTFx_CACHE_ClearCachePrefetchSpeculation          ./drivers/fsl_ftfx_cache.o
FTFx_CACHE_Init                                   ./drivers/fsl_ftfx_cache.o
FTFx_CACHE_PflashGetPrefetchSpeculation           ./drivers/fsl_ftfx_cache.o
FTFx_CACHE_PflashSetPrefetchSpeculation           ./drivers/fsl_ftfx_cache.o
                                                  ./drivers/fsl_smc.o
FTFx_CMD_Erase                                    ./drivers/fsl_ftfx_controller.o
                                                  ./drivers/fsl_ftfx_flash.o
FTFx_CMD_EraseAll                                 ./drivers/fsl_ftfx_controller.o
                                                  ./drivers/fsl_ftfx_flash.o
FTFx_CMD_EraseAllExecuteOnlySegments              ./drivers/fsl_ftfx_controller.o
FTFx_CMD_Program                                  ./drivers/fsl_ftfx_controller.o
                                                  ./drivers/fsl_ftfx_flash.o
FTFx_CMD_ProgramOnce                              ./drivers/fsl_ftfx_controller.o
FTFx_CMD_ReadOnce                                 ./drivers/fsl_ftfx_controller.o
FTFx_CMD_ReadResource                             ./drivers/fsl_ftfx_controller.o
                                                  ./drivers/fsl_ftfx_flash.o
FTFx_CMD_SecurityBypass                           ./drivers/fsl_ftfx_controller.o
                                                  ./drivers/fsl_ftfx_flash.o
FTFx_CMD_VerifyErase                              ./drivers/fsl_ftfx_controller.o
                                                  ./drivers/fsl_ftfx_flash.o
FTFx_CMD_VerifyEraseAll                           ./drivers/fsl_ftfx_controller.o
                                                  ./drivers/fsl_ftfx_flash.o
FTFx_CMD_VerifyEraseAllExecuteOnlySegments        ./drivers/fsl_ftfx_controller.o
FTFx_CMD_VerifyProgram                            ./drivers/fsl_ftfx_controller.o
                                                  ./drivers/fsl_ftfx_flash.o
FTFx_REG_GetSecurityState                         ./drivers/fsl_ftfx_controller.o
                                                  ./drivers/fsl_ftfx_flash.o
Flash_Config                                      ./startup/startup_mkl46z4.o
GPIO_PinInit                                      ./drivers/fsl_gpio.o
                                                  ./source/SD2_board.o
GPIO_PortClearInterruptFlags                      ./drivers/fsl_gpio.o
GPIO_PortGetInterruptFlags                        ./drivers/fsl_gpio.o
HardFault_Handler                                 ./source/semihost_hardfault.o
                                                  ./startup/startup_mkl46z4.o
I2C0_DriverIRQHandler                             ./drivers/fsl_i2c.o
                                                  ./startup/startup_mkl46z4.o
I2C0_IRQHandler                                   ./startup/startup_mkl46z4.o
I2C1_DriverIRQHandler                             ./drivers/fsl_i2c.o
                                                  ./startup/startup_mkl46z4.o
I2C1_IRQHandler                                   ./startup/startup_mkl46z4.o
I2C_DisableInterrupts                             ./drivers/fsl_i2c.o
I2C_EnableInterrupts                              ./drivers/fsl_i2c.o
I2C_GetInstance                                   ./drivers/fsl_i2c.o
I2C_MasterDeinit                                  ./drivers/fsl_i2c.o
I2C_MasterGetDefaultConfig                        ./drivers/fsl_i2c.o
I2C_MasterGetStatusFlags                          ./drivers/fsl_i2c.o
I2C_MasterInit                                    ./drivers/fsl_i2c.o
I2C_MasterReadBlocking                            ./drivers/fsl_i2c.o
I2C_MasterRepeatedStart                           ./drivers/fsl_i2c.o
I2C_MasterSetBaudRate                             ./drivers/fsl_i2c.o
I2C_MasterStart                                   ./drivers/fsl_i2c.o
I2C_MasterStop                                    ./drivers/fsl_i2c.o
I2C_MasterTransferAbort                           ./drivers/fsl_i2c.o
I2C_MasterTransferBlocking                        ./drivers/fsl_i2c.o